

================================================================
== Vivado HLS Report for 'ratDecision'
================================================================
* Date:           Sat Apr  8 14:26:07 2017

* Version:        2016.2 (Build 1577090 on Thu Jun 02 16:59:10 MDT 2016)
* Project:        RatDecisionChannel
* Solution:       solution1
* Product family: zynq
* Target device:  xc7z020clg484-1


================================================================
== Performance Estimates
================================================================
+ Timing (ns): 
    * Summary: 
    +--------+-------+----------+------------+
    |  Clock | Target| Estimated| Uncertainty|
    +--------+-------+----------+------------+
    |ap_clk  |  10.00|      8.64|        1.25|
    +--------+-------+----------+------------+

+ Latency (clock cycles): 
    * Summary: 
    +-----+-----+-----+-----+---------+
    |  Latency  |  Interval | Pipeline|
    | min | max | min | max |   Type  |
    +-----+-----+-----+-----+---------+
    |    9|   13|   10|   14|   none  |
    +-----+-----+-----+-----+---------+

    + Detail: 
        * Instance: 
        N/A

        * Loop: 
        N/A



================================================================
== Utilization Estimates
================================================================
* Summary: 
+-----------------+---------+-------+--------+-------+
|       Name      | BRAM_18K| DSP48E|   FF   |  LUT  |
+-----------------+---------+-------+--------+-------+
|DSP              |        -|      -|       -|      -|
|Expression       |        -|      -|       0|   2153|
|FIFO             |        -|      -|       -|      -|
|Instance         |        0|      -|     275|    398|
|Memory           |        0|      -|      36|      4|
|Multiplexer      |        -|      -|       -|    439|
|Register         |        -|      -|    1456|      -|
+-----------------+---------+-------+--------+-------+
|Total            |        0|      0|    1767|   2994|
+-----------------+---------+-------+--------+-------+
|Available        |      280|    220|  106400|  53200|
+-----------------+---------+-------+--------+-------+
|Utilization (%)  |        0|      0|       1|      5|
+-----------------+---------+-------+--------+-------+

+ Detail: 
    * Instance: 
    +------------------------------+----------------------------+---------+-------+-----+-----+
    |           Instance           |           Module           | BRAM_18K| DSP48E|  FF | LUT |
    +------------------------------+----------------------------+---------+-------+-----+-----+
    |ratDecision_AXILiteS_s_axi_U  |ratDecision_AXILiteS_s_axi  |        0|      0|  275|  398|
    +------------------------------+----------------------------+---------+-------+-----+-----+
    |Total                         |                            |        0|      0|  275|  398|
    +------------------------------+----------------------------+---------+-------+-----+-----+

    * DSP48: 
    N/A

    * Memory: 
    +-------------------------+-----------------------------------+---------+----+----+------+-----+------+-------------+
    |          Memory         |               Module              | BRAM_18K| FF | LUT| Words| Bits| Banks| W*Bits*Banks|
    +-------------------------+-----------------------------------+---------+----+----+------+-----+------+-------------+
    |recentVBools_data_U      |ratDecision_recentVBools_data      |        0|   2|   1|    60|    1|     1|           60|
    |recentABools_data_U      |ratDecision_recentVBools_data      |        0|   2|   1|    60|    1|     1|           60|
    |recentdatapoints_data_U  |ratDecision_recentdatapoints_data  |        0|  32|   2|     5|   16|     1|           80|
    +-------------------------+-----------------------------------+---------+----+----+------+-----+------+-------------+
    |Total                    |                                   |        0|  36|   4|   125|   18|     3|          200|
    +-------------------------+-----------------------------------+---------+----+----+------+-----+------+-------------+

    * FIFO: 
    N/A

    * Expression: 
    +---------------------------------------------+----------+-------+---+----+------------+------------+
    |                Variable Name                | Operation| DSP48E| FF| LUT| Bitwidth P0| Bitwidth P1|
    +---------------------------------------------+----------+-------+---+----+------------+------------+
    |AstimDelay_load_op_fu_489_p2                 |     +    |      0|  0|  32|          32|           1|
    |CircularBuffer_len_read_assign_2_fu_1083_p2  |     +    |      0|  0|  32|          32|           1|
    |CircularBuffer_len_read_assign_fu_770_p2     |     +    |      0|  0|  32|          32|           1|
    |CircularBuffer_len_write_assig_1_fu_922_p2   |     +    |      0|  0|  32|          32|           3|
    |CircularBuffer_len_write_assig_2_fu_1140_p2  |     +    |      0|  0|  32|          32|           2|
    |CircularBuffer_len_write_assig_3_fu_1247_p2  |     +    |      0|  0|  32|          32|           3|
    |CircularBuffer_len_write_assig_fu_815_p2     |     +    |      0|  0|  32|          32|           2|
    |CircularBuffer_sum_read_assign_1_fu_1077_p2  |     +    |      0|  0|  32|          32|          32|
    |CircularBuffer_sum_read_assign_fu_764_p2     |     +    |      0|  0|  32|          32|          32|
    |VstimDelay_load_op_fu_503_p2                 |     +    |      0|  0|  32|          32|           1|
    |i_12_fu_1189_p2                              |     +    |      0|  0|  32|          32|           6|
    |i_1_fu_618_p2                                |     +    |      0|  0|  32|          32|           3|
    |i_3_fu_833_p2                                |     +    |      0|  0|  32|          32|           6|
    |i_6_fu_864_p2                                |     +    |      0|  0|  32|          32|           6|
    |i_9_fu_1158_p2                               |     +    |      0|  0|  32|          32|           6|
    |i_fu_605_p2                                  |     +    |      0|  0|  32|          32|           2|
    |recentdatapoints_len_load_op_fu_554_p2       |     +    |      0|  0|  32|          32|           1|
    |tmp_33_i1_fu_1097_p2                         |     +    |      0|  0|  32|          32|           1|
    |tmp_33_i_fu_784_p2                           |     +    |      0|  0|  32|          32|           1|
    |tmp_37_i_fu_549_p2                           |     +    |      0|  0|  32|          32|          32|
    |tmp_39_i_fu_574_p2                           |     +    |      0|  0|  32|          32|           1|
    |tmp_3_fu_704_p2                              |     +    |      0|  0|  32|          32|           1|
    |tmp_4_fu_714_p2                              |     +    |      0|  0|  32|          32|           1|
    |tmp_5_fu_724_p2                              |     +    |      0|  0|  32|          32|           1|
    |CircularBuffer_sum_write_assig_1_fu_915_p2   |     -    |      0|  0|  16|          32|          32|
    |CircularBuffer_sum_write_assig_2_fu_1232_p2  |     -    |      0|  0|  16|          32|          32|
    |CircularBuffer_sum_write_assig_3_fu_1240_p2  |     -    |      0|  0|  16|          32|          32|
    |CircularBuffer_sum_write_assig_fu_907_p2     |     -    |      0|  0|  16|          32|          32|
    |datapointA_1_fu_1015_p2                      |     -    |      0|  0|  17|           1|          17|
    |datapointV_1_fu_672_p2                       |     -    |      0|  0|  17|           1|          17|
    |i_11_fu_1177_p2                              |     -    |      0|  0|  32|          32|          32|
    |i_2_fu_821_p2                                |     -    |      0|  0|  32|          32|          32|
    |i_5_fu_852_p2                                |     -    |      0|  0|  32|          32|          32|
    |i_8_fu_1146_p2                               |     -    |      0|  0|  32|          32|          32|
    |tmp_29_i1_fu_1063_p2                         |     -    |      0|  0|  32|          32|          32|
    |tmp_29_i_fu_750_p2                           |     -    |      0|  0|  32|          32|          32|
    |tmp_35_i_fu_535_p2                           |     -    |      0|  0|  32|          32|          32|
    |ap_sig_151                                   |    and   |      0|  0|   1|           1|           1|
    |ap_sig_366                                   |    and   |      0|  0|   1|           1|           1|
    |ap_sig_368                                   |    and   |      0|  0|   1|           1|           1|
    |ap_sig_405                                   |    and   |      0|  0|   1|           1|           1|
    |or_cond1_fu_1407_p2                          |    and   |      0|  0|   1|           1|           1|
    |or_cond3_fu_1456_p2                          |    and   |      0|  0|   1|           1|           1|
    |or_cond_fu_1301_p2                           |    and   |      0|  0|   1|           1|           1|
    |sel_tmp2_fu_1387_p2                          |    and   |      0|  0|   1|           1|           1|
    |sel_tmp_fu_1367_p2                           |    and   |      0|  0|   1|           1|           1|
    |tmp1_fu_1451_p2                              |    and   |      0|  0|   1|           1|           1|
    |toReturn_5_fu_893_p2                         |    and   |      0|  0|   1|           1|           1|
    |toReturn_6_fu_899_p2                         |    and   |      0|  0|   1|           1|           1|
    |toReturn_7_fu_1218_p2                        |    and   |      0|  0|   1|           1|           1|
    |toReturn_8_fu_1224_p2                        |    and   |      0|  0|   1|           1|           1|
    |not_tmp_i_i1_fu_1213_p2                      |   icmp   |      0|  0|  11|          32|           1|
    |not_tmp_i_i2_fu_1208_p2                      |   icmp   |      0|  0|  11|          32|           1|
    |not_tmp_i_i4_fu_883_p2                       |   icmp   |      0|  0|  11|          32|           1|
    |not_tmp_i_i_fu_888_p2                        |   icmp   |      0|  0|  11|          32|           1|
    |tmp_10_fu_942_p2                             |   icmp   |      0|  0|  11|          32|          32|
    |tmp_11_fu_1009_p2                            |   icmp   |      0|  0|   3|           8|           2|
    |tmp_12_fu_1037_p2                            |   icmp   |      0|  0|  11|          32|          32|
    |tmp_13_fu_1122_p2                            |   icmp   |      0|  0|  11|          32|          32|
    |tmp_16_fu_1267_p2                            |   icmp   |      0|  0|  11|          32|          32|
    |tmp_17_fu_1289_p2                            |   icmp   |      0|  0|  11|          32|          32|
    |tmp_18_fu_1295_p2                            |   icmp   |      0|  0|  11|          32|           6|
    |tmp_20_fu_1353_p2                            |   icmp   |      0|  0|  11|          32|           1|
    |tmp_21_fu_1401_p2                            |   icmp   |      0|  0|  11|          32|           8|
    |tmp_21_not_fu_1335_p2                        |   icmp   |      0|  0|  11|          32|           1|
    |tmp_22_fu_1319_p2                            |   icmp   |      0|  0|  11|          32|          32|
    |tmp_23_fu_1433_p2                            |   icmp   |      0|  0|  11|          32|          32|
    |tmp_24_fu_1439_p2                            |   icmp   |      0|  0|  11|          32|           6|
    |tmp_25_fu_1324_p2                            |   icmp   |      0|  0|  11|          32|          32|
    |tmp_34_i1_fu_1102_p2                         |   icmp   |      0|  0|  11|          32|           6|
    |tmp_34_i_fu_789_p2                           |   icmp   |      0|  0|  11|          32|           6|
    |tmp_40_i_fu_579_p2                           |   icmp   |      0|  0|  11|          32|           3|
    |tmp_8_fu_809_p2                              |   icmp   |      0|  0|  11|          32|          32|
    |tmp_9_fu_666_p2                              |   icmp   |      0|  0|   3|           8|           2|
    |tmp_i1_fu_645_p2                             |   icmp   |      0|  0|  11|          32|           1|
    |tmp_i2_fu_741_p2                             |   icmp   |      0|  0|  11|          32|           6|
    |tmp_i3_fu_976_p2                             |   icmp   |      0|  0|  11|          32|           3|
    |tmp_i4_fu_1054_p2                            |   icmp   |      0|  0|  11|          32|           6|
    |tmp_i_fu_521_p2                              |   icmp   |      0|  0|  11|          32|           3|
    |tmp_s_fu_694_p2                              |   icmp   |      0|  0|  11|          32|          32|
    |ap_sig_409                                   |    or    |      0|  0|   1|           1|           1|
    |brmerge_fu_1347_p2                           |    or    |      0|  0|   1|           1|           1|
    |toReturn_4_fu_1462_p2                        |    or    |      0|  0|  16|          13|           4|
    |toReturn_fu_1412_p2                          |    or    |      0|  0|  16|          13|          12|
    |AstimDelay_new_fu_1418_p3                    |  select  |      0|  0|  32|           1|           1|
    |CircularBuffer_head_i_read_ass_1_fu_1108_p3  |  select  |      0|  0|  32|           1|           1|
    |CircularBuffer_head_i_read_ass_fu_795_p3     |  select  |      0|  0|  32|           1|           1|
    |CircularBuffer_int_60_sum_i1_fu_1069_p3      |  select  |      0|  0|  32|           1|          32|
    |CircularBuffer_int_60_sum_i_fu_756_p3        |  select  |      0|  0|  32|           1|          32|
    |CircularBuffer_len_read_assign_1_fu_776_p3   |  select  |      0|  0|  32|           1|           6|
    |CircularBuffer_len_read_assign_3_fu_1089_p3  |  select  |      0|  0|  32|           1|           6|
    |VstimDelay_new_fu_1468_p3                    |  select  |      0|  0|  32|           1|           1|
    |datapointA_fu_994_p3                         |  select  |      0|  0|  16|           1|          16|
    |datapointV_fu_650_p3                         |  select  |      0|  0|  16|           1|           1|
    |i_10_fu_1164_p3                              |  select  |      0|  0|  32|           1|          32|
    |i_13_fu_1195_p3                              |  select  |      0|  0|  32|           1|          32|
    |i_4_fu_839_p3                                |  select  |      0|  0|  32|           1|          32|
    |i_7_fu_870_p3                                |  select  |      0|  0|  32|           1|          32|
    |p_1_fu_1021_p3                               |  select  |      0|  0|  17|           1|          17|
    |p_2_fu_1359_p3                               |  select  |      0|  0|  14|           1|          14|
    |p_i_fu_623_p3                                |  select  |      0|  0|  32|           1|          32|
    |p_s_fu_678_p3                                |  select  |      0|  0|  17|           1|          17|
    |p_tmp_i_fu_585_p3                            |  select  |      0|  0|  32|           1|           1|
    |recentdatapoints_sum_loc_i_fu_541_p3         |  select  |      0|  0|  32|           1|          32|
    |sel_tmp1_fu_1373_p3                          |  select  |      0|  0|  13|           1|          13|
    |tmp_38_i_fu_560_p3                           |  select  |      0|  0|  32|           1|           3|
    |tmp_6_fu_495_p3                              |  select  |      0|  0|  32|           1|           1|
    |tmp_7_fu_509_p3                              |  select  |      0|  0|  32|           1|           1|
    |toReturn_1_fu_1393_p3                        |  select  |      0|  0|  13|           1|           8|
    |toReturn_2_fu_1425_p3                        |  select  |      0|  0|  13|           1|          13|
    |toReturn_3_fu_1475_p3                        |  select  |      0|  0|  13|           1|          13|
    |last_sample_is_V_V_loc_2_not_fu_1341_p2      |    xor   |      0|  0|   2|           1|           2|
    |tmp_21_not_not_fu_1381_p2                    |    xor   |      0|  0|   2|           1|           2|
    +---------------------------------------------+----------+-------+---+----+------------+------------+
    |Total                                        |          |      0|  0|2153|        2073|        1342|
    +---------------------------------------------+----------+-------+---+----+------------+------------+

    * Multiplexer: 
    +------------------------------------+----+-----------+-----+-----------+
    |                Name                | LUT| Input Size| Bits| Total Bits|
    +------------------------------------+----+-----------+-----+-----------+
    |ACaptureThresh_loc_reg_286          |  32|          2|   32|         64|
    |AbeatDelay_new_reg_392              |  32|          2|   32|         64|
    |VCaptureThresh_loc_reg_296          |  32|          2|   32|         64|
    |VbeatDelay_new_1_reg_324            |  32|          2|   32|         64|
    |VbeatFallDelay_new_1_reg_340        |  32|          2|   32|         64|
    |ap_NS_fsm                           |   6|         15|    1|         15|
    |last_sample_is_V_V_loc_2_reg_356    |   1|          3|    1|          3|
    |recentABools_data_address0          |   6|          4|    6|         24|
    |recentABools_len_new_phi_fu_386_p4  |  32|          2|   32|         64|
    |recentABools_len_new_reg_383        |  32|          2|   32|         64|
    |recentVBools_data_address0          |   6|          4|    6|         24|
    |recentVBools_len_new_phi_fu_318_p4  |  32|          2|   32|         64|
    |recentVBools_len_new_reg_315        |  32|          2|   32|         64|
    |recentdatapoints_data_address0      |   3|          5|    3|         15|
    |sum_1_phi_fu_377_p4                 |  32|          2|   32|         64|
    |sum_1_reg_374                       |  32|          2|   32|         64|
    |sum_phi_fu_309_p4                   |  32|          2|   32|         64|
    |sum_reg_306                         |  32|          2|   32|         64|
    |tmp_19_reg_407                      |   1|          3|    1|          3|
    +------------------------------------+----+-----------+-----+-----------+
    |Total                               | 439|         60|  434|        916|
    +------------------------------------+----+-----------+-----+-----------+

    * Register: 
    +-------------------------------------------+----+----+-----+-----------+
    |                    Name                   | FF | LUT| Bits| Const Bits|
    +-------------------------------------------+----+----+-----+-----------+
    |ACaptureThresh                             |  32|   0|   32|          0|
    |ACaptureThresh_loc_reg_286                 |  32|   0|   32|          0|
    |AbeatDelay                                 |  32|   0|   32|          0|
    |AbeatDelay_new_reg_392                     |  32|   0|   32|          0|
    |AstimDelay                                 |  32|   0|   32|          0|
    |CircularBuffer_head_i_read_ass_1_reg_1717  |  32|   0|   32|          0|
    |CircularBuffer_head_i_read_ass_reg_1622    |  32|   0|   32|          0|
    |CircularBuffer_len_read_assign_1_reg_1614  |  32|   0|   32|          0|
    |CircularBuffer_len_read_assign_3_reg_1709  |  32|   0|   32|          0|
    |CircularBuffer_len_write_assig_2_reg_1727  |  32|   0|   32|          0|
    |CircularBuffer_len_write_assig_reg_1632    |  32|   0|   32|          0|
    |CircularBuffer_sum_read_assign_1_reg_1703  |  32|   0|   32|          0|
    |CircularBuffer_sum_read_assign_reg_1608    |  32|   0|   32|          0|
    |VCaptureThresh                             |  32|   0|   32|          0|
    |VCaptureThresh_loc_reg_296                 |  32|   0|   32|          0|
    |VbeatDelay                                 |  32|   0|   32|          0|
    |VbeatDelay_new_1_reg_324                   |  32|   0|   32|          0|
    |VbeatFallDelay                             |  32|   0|   32|          0|
    |VbeatFallDelay_new_1_reg_340               |  32|   0|   32|          0|
    |VstimDelay                                 |  32|   0|   32|          0|
    |a_thresh                                   |  32|   0|   32|          0|
    |aflip                                      |   8|   0|    8|          0|
    |ap_CS_fsm                                  |  14|   0|   14|          0|
    |data_read_reg_1493                         |  16|   0|   16|          0|
    |last_sample_is_A_V                         |   1|   0|    1|          0|
    |last_sample_is_V_V                         |   1|   0|    1|          0|
    |last_sample_is_V_V_loc_2_reg_356           |   1|   0|    1|          0|
    |not_tmp_i_i2_reg_1743                      |   1|   0|    1|          0|
    |not_tmp_i_i4_reg_1648                      |   1|   0|    1|          0|
    |p_tmp_i_reg_1554                           |  32|   0|   32|          0|
    |recentABools_data_addr_reg_1687            |   6|   0|    6|          0|
    |recentABools_data_load_reg_1698            |   1|   0|    1|          0|
    |recentABools_head_i                        |  32|   0|   32|          0|
    |recentABools_len                           |  32|   0|   32|          0|
    |recentABools_len_new_reg_383               |  32|   0|   32|          0|
    |recentABools_sum                           |  32|   0|   32|          0|
    |recentVBools_data_addr_reg_1571            |   6|   0|    6|          0|
    |recentVBools_data_load_reg_1582            |   1|   0|    1|          0|
    |recentVBools_head_i                        |  32|   0|   32|          0|
    |recentVBools_len                           |  32|   0|   32|          0|
    |recentVBools_len_new_reg_315               |  32|   0|   32|          0|
    |recentVBools_sum                           |  32|   0|   32|          0|
    |recentdatapoints_data_addr_reg_1531        |   3|   0|    3|          0|
    |recentdatapoints_head_i                    |  32|   0|   32|          0|
    |recentdatapoints_len                       |  32|   0|   32|          0|
    |recentdatapoints_sum                       |  32|   0|   32|          0|
    |sum_1_reg_374                              |  32|   0|   32|          0|
    |sum_reg_306                                |  32|   0|   32|          0|
    |tmp_12_reg_1692                            |   1|   0|    1|          0|
    |tmp_13_reg_1723                            |   1|   0|    1|          0|
    |tmp_19_reg_407                             |   1|   0|    1|          0|
    |tmp_22_reg_1770                            |   1|   0|    1|          0|
    |tmp_25_reg_1775                            |   1|   0|    1|          0|
    |tmp_38_i_reg_1548                          |  32|   0|   32|          0|
    |tmp_3_reg_1587                             |  32|   0|   32|          0|
    |tmp_4_reg_1594                             |  32|   0|   32|          0|
    |tmp_5_reg_1601                             |  32|   0|   32|          0|
    |tmp_6_reg_1536                             |  32|   0|   32|          0|
    |tmp_7_reg_1542                             |  32|   0|   32|          0|
    |tmp_8_reg_1628                             |   1|   0|    1|          0|
    |tmp_i3_reg_1672                            |   1|   0|    1|          0|
    |tmp_s_reg_1576                             |   1|   0|    1|          0|
    |toReturn_5_reg_1653                        |   1|   0|    1|          0|
    |toReturn_6_reg_1658                        |   1|   0|    1|          0|
    |toReturn_7_reg_1748                        |   1|   0|    1|          0|
    |toReturn_8_reg_1753                        |   1|   0|    1|          0|
    |v_thresh                                   |  32|   0|   32|          0|
    |val_assign_reg_1511                        |  32|   0|   32|          0|
    |vflip                                      |   8|   0|    8|          0|
    +-------------------------------------------+----+----+-----+-----------+
    |Total                                      |1456|   0| 1456|          0|
    +-------------------------------------------+----+----+-----+-----------+



================================================================
== Interface
================================================================
* Summary: 
+------------------------+-----+-----+------------+--------------+--------------+
|        RTL Ports       | Dir | Bits|  Protocol  | Source Object|    C Type    |
+------------------------+-----+-----+------------+--------------+--------------+
|s_axi_AXILiteS_AWVALID  |  in |    1|    s_axi   |   AXILiteS   |    scalar    |
|s_axi_AXILiteS_AWREADY  | out |    1|    s_axi   |   AXILiteS   |    scalar    |
|s_axi_AXILiteS_AWADDR   |  in |    7|    s_axi   |   AXILiteS   |    scalar    |
|s_axi_AXILiteS_WVALID   |  in |    1|    s_axi   |   AXILiteS   |    scalar    |
|s_axi_AXILiteS_WREADY   | out |    1|    s_axi   |   AXILiteS   |    scalar    |
|s_axi_AXILiteS_WDATA    |  in |   32|    s_axi   |   AXILiteS   |    scalar    |
|s_axi_AXILiteS_WSTRB    |  in |    4|    s_axi   |   AXILiteS   |    scalar    |
|s_axi_AXILiteS_ARVALID  |  in |    1|    s_axi   |   AXILiteS   |    scalar    |
|s_axi_AXILiteS_ARREADY  | out |    1|    s_axi   |   AXILiteS   |    scalar    |
|s_axi_AXILiteS_ARADDR   |  in |    7|    s_axi   |   AXILiteS   |    scalar    |
|s_axi_AXILiteS_RVALID   | out |    1|    s_axi   |   AXILiteS   |    scalar    |
|s_axi_AXILiteS_RREADY   |  in |    1|    s_axi   |   AXILiteS   |    scalar    |
|s_axi_AXILiteS_RDATA    | out |   32|    s_axi   |   AXILiteS   |    scalar    |
|s_axi_AXILiteS_RRESP    | out |    2|    s_axi   |   AXILiteS   |    scalar    |
|s_axi_AXILiteS_BVALID   | out |    1|    s_axi   |   AXILiteS   |    scalar    |
|s_axi_AXILiteS_BREADY   |  in |    1|    s_axi   |   AXILiteS   |    scalar    |
|s_axi_AXILiteS_BRESP    | out |    2|    s_axi   |   AXILiteS   |    scalar    |
|ap_clk                  |  in |    1| ap_ctrl_hs |  ratDecision | return value |
|ap_rst_n                |  in |    1| ap_ctrl_hs |  ratDecision | return value |
|interrupt               | out |    1| ap_ctrl_hs |  ratDecision | return value |
+------------------------+-----+-----+------------+--------------+--------------+

