22:26:39 **** Build of configuration Debug for project GuessParameters ****
make all 
Building file: ../src/main.c
Invoking: ARM gcc compiler
arm-xilinx-eabi-gcc -Wall -O0 -g3 -c -fmessage-length=0 -I../../GuessParameters_bsp/ps7_cortexa9_0/include -MMD -MP -MF"src/main.d" -MT"src/main.d" -o "src/main.o" "../src/main.c"
../src/main.c: In function 'main':
../src/main.c:19:5: warning: implicit declaration of function 'xil_printf' [-Wimplicit-function-declaration]
     xil_printf("-- Start of the Program --\r\n");
     ^
../src/main.c:24:17: warning: 'vthresh' is used uninitialized in this function [-Wuninitialized]
  GuessParameters(0, vthresh, vflip, athresh, aflip);
                 ^
../src/main.c:24:17: warning: 'vflip' is used uninitialized in this function [-Wuninitialized]
../src/main.c:24:17: warning: 'athresh' is used uninitialized in this function [-Wuninitialized]
../src/main.c:24:17: warning: 'aflip' is used uninitialized in this function [-Wuninitialized]
Finished building: ../src/main.c
 
Building file: ../src/platform.c
Invoking: ARM gcc compiler
arm-xilinx-eabi-gcc -Wall -O0 -g3 -c -fmessage-length=0 -I../../GuessParameters_bsp/ps7_cortexa9_0/include -MMD -MP -MF"src/platform.d" -MT"src/platform.d" -o "src/platform.o" "../src/platform.c"
Finished building: ../src/platform.c
 
Building target: GuessParameters.elf
Invoking: ARM gcc linker
arm-xilinx-eabi-gcc -Wl,-T -Wl,../src/lscript.ld -L../../GuessParameters_bsp/ps7_cortexa9_0/lib -o "GuessParameters.elf"  ./src/main.o ./src/platform.o   -Wl,--start-group,-lxil,-lgcc,-lc,--end-group
Finished building target: GuessParameters.elf
 
Invoking: ARM Print Size
arm-xilinx-eabi-size GuessParameters.elf  |tee "GuessParameters.elf.size"
   text	   data	    bss	    dec	    hex	filename
 109460	   1104	  60164	 170728	  29ae8	GuessParameters.elf
Finished building: GuessParameters.elf.size
 

22:26:39 Build Finished (took 212ms)

