15:41:37 **** Incremental Build of configuration Debug for project heart_demo ****
make pre-build main-build 
a9-linaro-pre-build-step
 
make: Nothing to be done for 'main-build'.
15:47:58 **** Build of project jorge_demo_bsp ****
make -k all 
Running Make include in ps7_cortexa9_0/libsrc/ddrps_v1_0/src
make -C ps7_cortexa9_0/libsrc/ddrps_v1_0/src -s include  "SHELL=/bin/sh" "COMPILER=arm-none-eabi-gcc" "ARCHIVER=arm-none-eabi-ar" "COMPILER_FLAGS=  -O2 -c" "EXTRA_COMPILER_FLAGS=-mcpu=cortex-a9 -mfpu=vfpv3 -mfloat-abi=hard -nostartfiles"
Running Make include in ps7_cortexa9_0/libsrc/gpio_v4_1/src
make -C ps7_cortexa9_0/libsrc/gpio_v4_1/src -s include  "SHELL=/bin/sh" "COMPILER=arm-none-eabi-gcc" "ARCHIVER=arm-none-eabi-ar" "COMPILER_FLAGS=  -O2 -c" "EXTRA_COMPILER_FLAGS=-mcpu=cortex-a9 -mfpu=vfpv3 -mfloat-abi=hard -nostartfiles"
Running Make include in ps7_cortexa9_0/libsrc/cpu_cortexa9_v2_2/src
make -C ps7_cortexa9_0/libsrc/cpu_cortexa9_v2_2/src -s include  "SHELL=/bin/sh" "COMPILER=arm-none-eabi-gcc" "ARCHIVER=arm-none-eabi-ar" "COMPILER_FLAGS=  -O2 -c" "EXTRA_COMPILER_FLAGS=-mcpu=cortex-a9 -mfpu=vfpv3 -mfloat-abi=hard -nostartfiles"
Running Make include in ps7_cortexa9_0/libsrc/uartps_v3_1/src
make -C ps7_cortexa9_0/libsrc/uartps_v3_1/src -s include  "SHELL=/bin/sh" "COMPILER=arm-none-eabi-gcc" "ARCHIVER=arm-none-eabi-ar" "COMPILER_FLAGS=  -O2 -c" "EXTRA_COMPILER_FLAGS=-mcpu=cortex-a9 -mfpu=vfpv3 -mfloat-abi=hard -nostartfiles"
Running Make include in ps7_cortexa9_0/libsrc/ratDecision_v1_0/src
make -C ps7_cortexa9_0/libsrc/ratDecision_v1_0/src -s include  "SHELL=/bin/sh" "COMPILER=arm-none-eabi-gcc" "ARCHIVER=arm-none-eabi-ar" "COMPILER_FLAGS=  -O2 -c" "EXTRA_COMPILER_FLAGS=-mcpu=cortex-a9 -mfpu=vfpv3 -mfloat-abi=hard -nostartfiles"
Running Make include in ps7_cortexa9_0/libsrc/scugic_v3_3/src
make -C ps7_cortexa9_0/libsrc/scugic_v3_3/src -s include  "SHELL=/bin/sh" "COMPILER=arm-none-eabi-gcc" "ARCHIVER=arm-none-eabi-ar" "COMPILER_FLAGS=  -O2 -c" "EXTRA_COMPILER_FLAGS=-mcpu=cortex-a9 -mfpu=vfpv3 -mfloat-abi=hard -nostartfiles"
Running Make include in ps7_cortexa9_0/libsrc/tmrctr_v4_1/src
make -C ps7_cortexa9_0/libsrc/tmrctr_v4_1/src -s include  "SHELL=/bin/sh" "COMPILER=arm-none-eabi-gcc" "ARCHIVER=arm-none-eabi-ar" "COMPILER_FLAGS=  -O2 -c" "EXTRA_COMPILER_FLAGS=-mcpu=cortex-a9 -mfpu=vfpv3 -mfloat-abi=hard -nostartfiles"
Running Make include in ps7_cortexa9_0/libsrc/xadcps_v2_2/src
make -C ps7_cortexa9_0/libsrc/xadcps_v2_2/src -s include  "SHELL=/bin/sh" "COMPILER=arm-none-eabi-gcc" "ARCHIVER=arm-none-eabi-ar" "COMPILER_FLAGS=  -O2 -c" "EXTRA_COMPILER_FLAGS=-mcpu=cortex-a9 -mfpu=vfpv3 -mfloat-abi=hard -nostartfiles"
Running Make include in ps7_cortexa9_0/libsrc/devcfg_v3_4/src
make -C ps7_cortexa9_0/libsrc/devcfg_v3_4/src -s include  "SHELL=/bin/sh" "COMPILER=arm-none-eabi-gcc" "ARCHIVER=arm-none-eabi-ar" "COMPILER_FLAGS=  -O2 -c" "EXTRA_COMPILER_FLAGS=-mcpu=cortex-a9 -mfpu=vfpv3 -mfloat-abi=hard -nostartfiles"
Running Make include in ps7_cortexa9_0/libsrc/dmaps_v2_1/src
make -C ps7_cortexa9_0/libsrc/dmaps_v2_1/src -s include  "SHELL=/bin/sh" "COMPILER=arm-none-eabi-gcc" "ARCHIVER=arm-none-eabi-ar" "COMPILER_FLAGS=  -O2 -c" "EXTRA_COMPILER_FLAGS=-mcpu=cortex-a9 -mfpu=vfpv3 -mfloat-abi=hard -nostartfiles"
Running Make include in ps7_cortexa9_0/libsrc/scuwdt_v2_1/src
make -C ps7_cortexa9_0/libsrc/scuwdt_v2_1/src -s include  "SHELL=/bin/sh" "COMPILER=arm-none-eabi-gcc" "ARCHIVER=arm-none-eabi-ar" "COMPILER_FLAGS=  -O2 -c" "EXTRA_COMPILER_FLAGS=-mcpu=cortex-a9 -mfpu=vfpv3 -mfloat-abi=hard -nostartfiles"
Running Make include in ps7_cortexa9_0/libsrc/Decision_v1_0/src
make -C ps7_cortexa9_0/libsrc/Decision_v1_0/src -s include  "SHELL=/bin/sh" "COMPILER=arm-none-eabi-gcc" "ARCHIVER=arm-none-eabi-ar" "COMPILER_FLAGS=  -O2 -c" "EXTRA_COMPILER_FLAGS=-mcpu=cortex-a9 -mfpu=vfpv3 -mfloat-abi=hard -nostartfiles"
Running Make include in ps7_cortexa9_0/libsrc/coresightps_dcc_v1_2/src
make -C ps7_cortexa9_0/libsrc/coresightps_dcc_v1_2/src -s include  "SHELL=/bin/sh" "COMPILER=arm-none-eabi-gcc" "ARCHIVER=arm-none-eabi-ar" "COMPILER_FLAGS=  -O2 -c" "EXTRA_COMPILER_FLAGS=-mcpu=cortex-a9 -mfpu=vfpv3 -mfloat-abi=hard -nostartfiles"
Running Make include in ps7_cortexa9_0/libsrc/standalone_v5_5/src
make -C ps7_cortexa9_0/libsrc/standalone_v5_5/src -s include  "SHELL=/bin/sh" "COMPILER=arm-none-eabi-gcc" "ARCHIVER=arm-none-eabi-ar" "COMPILER_FLAGS=  -O2 -c" "EXTRA_COMPILER_FLAGS=-mcpu=cortex-a9 -mfpu=vfpv3 -mfloat-abi=hard -nostartfiles"
Running Make include in ps7_cortexa9_0/libsrc/scutimer_v2_1/src
make -C ps7_cortexa9_0/libsrc/scutimer_v2_1/src -s include  "SHELL=/bin/sh" "COMPILER=arm-none-eabi-gcc" "ARCHIVER=arm-none-eabi-ar" "COMPILER_FLAGS=  -O2 -c" "EXTRA_COMPILER_FLAGS=-mcpu=cortex-a9 -mfpu=vfpv3 -mfloat-abi=hard -nostartfiles"
Running Make libs in ps7_cortexa9_0/libsrc/ddrps_v1_0/src
make -C ps7_cortexa9_0/libsrc/ddrps_v1_0/src -s libs  "SHELL=/bin/sh" "COMPILER=arm-none-eabi-gcc" "ARCHIVER=arm-none-eabi-ar" "COMPILER_FLAGS=  -O2 -c" "EXTRA_COMPILER_FLAGS=-mcpu=cortex-a9 -mfpu=vfpv3 -mfloat-abi=hard -nostartfiles"
Compiling ddrps
arm-none-eabi-ar: creating ../../../lib/libxil.a
Running Make libs in ps7_cortexa9_0/libsrc/gpio_v4_1/src
make -C ps7_cortexa9_0/libsrc/gpio_v4_1/src -s libs  "SHELL=/bin/sh" "COMPILER=arm-none-eabi-gcc" "ARCHIVER=arm-none-eabi-ar" "COMPILER_FLAGS=  -O2 -c" "EXTRA_COMPILER_FLAGS=-mcpu=cortex-a9 -mfpu=vfpv3 -mfloat-abi=hard -nostartfiles"
Compiling gpio
Running Make libs in ps7_cortexa9_0/libsrc/cpu_cortexa9_v2_2/src
make -C ps7_cortexa9_0/libsrc/cpu_cortexa9_v2_2/src -s libs  "SHELL=/bin/sh" "COMPILER=arm-none-eabi-gcc" "ARCHIVER=arm-none-eabi-ar" "COMPILER_FLAGS=  -O2 -c" "EXTRA_COMPILER_FLAGS=-mcpu=cortex-a9 -mfpu=vfpv3 -mfloat-abi=hard -nostartfiles"
Compiling cpu_cortexa9
Running Make libs in ps7_cortexa9_0/libsrc/uartps_v3_1/src
make -C ps7_cortexa9_0/libsrc/uartps_v3_1/src -s libs  "SHELL=/bin/sh" "COMPILER=arm-none-eabi-gcc" "ARCHIVER=arm-none-eabi-ar" "COMPILER_FLAGS=  -O2 -c" "EXTRA_COMPILER_FLAGS=-mcpu=cortex-a9 -mfpu=vfpv3 -mfloat-abi=hard -nostartfiles"
Compiling uartps
Running Make libs in ps7_cortexa9_0/libsrc/ratDecision_v1_0/src
make -C ps7_cortexa9_0/libsrc/ratDecision_v1_0/src -s libs  "SHELL=/bin/sh" "COMPILER=arm-none-eabi-gcc" "ARCHIVER=arm-none-eabi-ar" "COMPILER_FLAGS=  -O2 -c" "EXTRA_COMPILER_FLAGS=-mcpu=cortex-a9 -mfpu=vfpv3 -mfloat-abi=hard -nostartfiles"
Compiling ratDecision
Running Make libs in ps7_cortexa9_0/libsrc/scugic_v3_3/src
make -C ps7_cortexa9_0/libsrc/scugic_v3_3/src -s libs  "SHELL=/bin/sh" "COMPILER=arm-none-eabi-gcc" "ARCHIVER=arm-none-eabi-ar" "COMPILER_FLAGS=  -O2 -c" "EXTRA_COMPILER_FLAGS=-mcpu=cortex-a9 -mfpu=vfpv3 -mfloat-abi=hard -nostartfiles"
Compiling scugic
Running Make libs in ps7_cortexa9_0/libsrc/tmrctr_v4_1/src
make -C ps7_cortexa9_0/libsrc/tmrctr_v4_1/src -s libs  "SHELL=/bin/sh" "COMPILER=arm-none-eabi-gcc" "ARCHIVER=arm-none-eabi-ar" "COMPILER_FLAGS=  -O2 -c" "EXTRA_COMPILER_FLAGS=-mcpu=cortex-a9 -mfpu=vfpv3 -mfloat-abi=hard -nostartfiles"
Compiling tmrctr
Running Make libs in ps7_cortexa9_0/libsrc/xadcps_v2_2/src
make -C ps7_cortexa9_0/libsrc/xadcps_v2_2/src -s libs  "SHELL=/bin/sh" "COMPILER=arm-none-eabi-gcc" "ARCHIVER=arm-none-eabi-ar" "COMPILER_FLAGS=  -O2 -c" "EXTRA_COMPILER_FLAGS=-mcpu=cortex-a9 -mfpu=vfpv3 -mfloat-abi=hard -nostartfiles"
Compiling xadcps
Running Make libs in ps7_cortexa9_0/libsrc/devcfg_v3_4/src
make -C ps7_cortexa9_0/libsrc/devcfg_v3_4/src -s libs  "SHELL=/bin/sh" "COMPILER=arm-none-eabi-gcc" "ARCHIVER=arm-none-eabi-ar" "COMPILER_FLAGS=  -O2 -c" "EXTRA_COMPILER_FLAGS=-mcpu=cortex-a9 -mfpu=vfpv3 -mfloat-abi=hard -nostartfiles"
Compiling devcfg
Running Make libs in ps7_cortexa9_0/libsrc/dmaps_v2_1/src
make -C ps7_cortexa9_0/libsrc/dmaps_v2_1/src -s libs  "SHELL=/bin/sh" "COMPILER=arm-none-eabi-gcc" "ARCHIVER=arm-none-eabi-ar" "COMPILER_FLAGS=  -O2 -c" "EXTRA_COMPILER_FLAGS=-mcpu=cortex-a9 -mfpu=vfpv3 -mfloat-abi=hard -nostartfiles"
Compiling dmaps
Running Make libs in ps7_cortexa9_0/libsrc/scuwdt_v2_1/src
make -C ps7_cortexa9_0/libsrc/scuwdt_v2_1/src -s libs  "SHELL=/bin/sh" "COMPILER=arm-none-eabi-gcc" "ARCHIVER=arm-none-eabi-ar" "COMPILER_FLAGS=  -O2 -c" "EXTRA_COMPILER_FLAGS=-mcpu=cortex-a9 -mfpu=vfpv3 -mfloat-abi=hard -nostartfiles"
Compiling scuwdt
Running Make libs in ps7_cortexa9_0/libsrc/Decision_v1_0/src
make -C ps7_cortexa9_0/libsrc/Decision_v1_0/src -s libs  "SHELL=/bin/sh" "COMPILER=arm-none-eabi-gcc" "ARCHIVER=arm-none-eabi-ar" "COMPILER_FLAGS=  -O2 -c" "EXTRA_COMPILER_FLAGS=-mcpu=cortex-a9 -mfpu=vfpv3 -mfloat-abi=hard -nostartfiles"
Compiling Decision
Running Make libs in ps7_cortexa9_0/libsrc/coresightps_dcc_v1_2/src
make -C ps7_cortexa9_0/libsrc/coresightps_dcc_v1_2/src -s libs  "SHELL=/bin/sh" "COMPILER=arm-none-eabi-gcc" "ARCHIVER=arm-none-eabi-ar" "COMPILER_FLAGS=  -O2 -c" "EXTRA_COMPILER_FLAGS=-mcpu=cortex-a9 -mfpu=vfpv3 -mfloat-abi=hard -nostartfiles"
Compiling coresightps_dcc
Running Make libs in ps7_cortexa9_0/libsrc/standalone_v5_5/src
make -C ps7_cortexa9_0/libsrc/standalone_v5_5/src -s libs  "SHELL=/bin/sh" "COMPILER=arm-none-eabi-gcc" "ARCHIVER=arm-none-eabi-ar" "COMPILER_FLAGS=  -O2 -c" "EXTRA_COMPILER_FLAGS=-mcpu=cortex-a9 -mfpu=vfpv3 -mfloat-abi=hard -nostartfiles"
Compiling standalone
Running Make libs in ps7_cortexa9_0/libsrc/scutimer_v2_1/src
make -C ps7_cortexa9_0/libsrc/scutimer_v2_1/src -s libs  "SHELL=/bin/sh" "COMPILER=arm-none-eabi-gcc" "ARCHIVER=arm-none-eabi-ar" "COMPILER_FLAGS=  -O2 -c" "EXTRA_COMPILER_FLAGS=-mcpu=cortex-a9 -mfpu=vfpv3 -mfloat-abi=hard -nostartfiles"
Compiling scutimer
Finished building libraries
15:48:03 **** Build of configuration Debug for project jorge_demo ****
make pre-build main-build 
a9-linaro-pre-build-step
 
Building file: ../src/main.cc
Invoking: ARM v7 g++ compiler
arm-none-eabi-g++ -Wall -O0 -g3 -c -fmessage-length=0 -MT"src/main.o" -mcpu=cortex-a9 -mfpu=vfpv3 -mfloat-abi=hard -I../../jorge_demo_bsp/ps7_cortexa9_0/include -MMD -MP -MF"src/main.d" -MT"src/main.o" -o "src/main.o" "../src/main.cc"
Finished building: ../src/main.cc
 
Building target: jorge_demo.elf
Invoking: ARM v7 g++ linker
arm-none-eabi-g++ -mcpu=cortex-a9 -mfpu=vfpv3 -mfloat-abi=hard -Wl,-build-id=none -specs=Xilinx.spec -Wl,-T -Wl,../src/lscript.ld -L../../jorge_demo_bsp/ps7_cortexa9_0/lib -o "jorge_demo.elf"  ./src/main.o   -Wl,--start-group,-lxil,-lgcc,-lc,-lstdc++,--end-group
Finished building target: jorge_demo.elf
 
Invoking: ARM v7 Print Size
arm-none-eabi-size jorge_demo.elf  |tee "jorge_demo.elf.size"
   text	   data	    bss	    dec	    hex	filename
  19472	   1152	  22572	  43196	   a8bc	jorge_demo.elf
Finished building: jorge_demo.elf.size
 
15:48:04 **** Auto Build of configuration Debug for project jorge_demo ****
make pre-build main-build 
a9-linaro-pre-build-step
 
make: Nothing to be done for 'main-build'.
15:48:50 **** Auto Build of configuration Debug for project jorge_demo ****
make pre-build main-build 
a9-linaro-pre-build-step
 
Building file: ../src/main.cc
Invoking: ARM v7 g++ compiler
arm-none-eabi-g++ -Wall -O0 -g3 -c -fmessage-length=0 -MT"src/main.o" -mcpu=cortex-a9 -mfpu=vfpv3 -mfloat-abi=hard -I../../jorge_demo_bsp/ps7_cortexa9_0/include -MMD -MP -MF"src/main.d" -MT"src/main.o" -o "src/main.o" "../src/main.cc"
../src/main.cc:10:22: fatal error: platform.h: No such file or directory
src/subdir.mk:21: recipe for target 'src/main.o' failed
 #include "platform.h"
                      ^
compilation terminated.
make: *** [src/main.o] Error 1
15:49:22 **** Auto Build of configuration Debug for project jorge_demo ****
make pre-build main-build 
a9-linaro-pre-build-step
 
Building file: ../src/axi_max11100.c
Invoking: ARM v7 g++ compiler
arm-none-eabi-g++ -Wall -O0 -g3 -c -fmessage-length=0 -MT"src/axi_max11100.o" -mcpu=cortex-a9 -mfpu=vfpv3 -mfloat-abi=hard -I../../jorge_demo_bsp/ps7_cortexa9_0/include -MMD -MP -MF"src/axi_max11100.d" -MT"src/axi_max11100.o" -o "src/axi_max11100.o" "../src/axi_max11100.c"
../src/axi_max11100.c:63:13: warning: ‘void AXI_MAX11100_Write_Delay_Reg(u32, u32)’ defined but not used [-Wunused-function]
 static void AXI_MAX11100_Write_Delay_Reg(u32 BaseAddress, u32 Value)
             ^
../src/axi_max11100.c:81:13: warning: ‘void AXI_MAX11100_Interrupt_Enable(u32)’ defined but not used [-Wunused-function]
 static void AXI_MAX11100_Interrupt_Enable(u32 BaseAddress)
             ^
Finished building: ../src/axi_max11100.c
 
Building file: ../src/main.cc
Invoking: ARM v7 g++ compiler
arm-none-eabi-g++ -Wall -O0 -g3 -c -fmessage-length=0 -MT"src/main.o" -mcpu=cortex-a9 -mfpu=vfpv3 -mfloat-abi=hard -I../../jorge_demo_bsp/ps7_cortexa9_0/include -MMD -MP -MF"src/main.d" -MT"src/main.o" -o "src/main.o" "../src/main.cc"
../src/main.cc: In function ‘void chan_param(char)’:
../src/main.cc:85:39: warning: array subscript has type ‘char’ [-Wchar-subscripts]
  XDecision_Set_vthresh(sdc0, vthresh[i]);
                                       ^
../src/main.cc:86:39: warning: array subscript has type ‘char’ [-Wchar-subscripts]
  XDecision_Set_athresh(sdc0, athresh[i]);
                                       ^
../src/main.cc:87:36: warning: array subscript has type ‘char’ [-Wchar-subscripts]
  XDecision_Set_v_flip(sdc0, vflip[i]);
                                    ^
../src/main.cc:88:36: warning: array subscript has type ‘char’ [-Wchar-subscripts]
  XDecision_Set_a_flip(sdc0, aflip[i]);
                                    ^
../src/main.cc:89:37: warning: array subscript has type ‘char’ [-Wchar-subscripts]
  XDecision_Set_a_length(sdc0, alen[i]);
                                     ^
../src/main.cc:90:37: warning: array subscript has type ‘char’ [-Wchar-subscripts]
  XDecision_Set_v_length(sdc0, vlen[i]);
                                     ^
../src/main.cc: In function ‘int main()’:
../src/main.cc:127:5: error: redefinition of ‘int main()’
 int main()
     ^
../src/main.cc:5:5: note: ‘int main()’ previously defined here
 int main()
     ^
src/subdir.mk:38: recipe for target 'src/main.o' failed
make: *** [src/main.o] Error 1
15:52:23 **** Build of project jorge_demo_bsp ****
make -k all 
Running Make include in ps7_cortexa9_0/libsrc/ddrps_v1_0/src
make -C ps7_cortexa9_0/libsrc/ddrps_v1_0/src -s include  "SHELL=/bin/sh" "COMPILER=arm-none-eabi-gcc" "ARCHIVER=arm-none-eabi-ar" "COMPILER_FLAGS=  -O2 -c" "EXTRA_COMPILER_FLAGS=-mcpu=cortex-a9 -mfpu=vfpv3 -mfloat-abi=hard -nostartfiles"
Running Make include in ps7_cortexa9_0/libsrc/gpio_v4_1/src
make -C ps7_cortexa9_0/libsrc/gpio_v4_1/src -s include  "SHELL=/bin/sh" "COMPILER=arm-none-eabi-gcc" "ARCHIVER=arm-none-eabi-ar" "COMPILER_FLAGS=  -O2 -c" "EXTRA_COMPILER_FLAGS=-mcpu=cortex-a9 -mfpu=vfpv3 -mfloat-abi=hard -nostartfiles"
Running Make include in ps7_cortexa9_0/libsrc/cpu_cortexa9_v2_2/src
make -C ps7_cortexa9_0/libsrc/cpu_cortexa9_v2_2/src -s include  "SHELL=/bin/sh" "COMPILER=arm-none-eabi-gcc" "ARCHIVER=arm-none-eabi-ar" "COMPILER_FLAGS=  -O2 -c" "EXTRA_COMPILER_FLAGS=-mcpu=cortex-a9 -mfpu=vfpv3 -mfloat-abi=hard -nostartfiles"
Running Make include in ps7_cortexa9_0/libsrc/uartps_v3_1/src
make -C ps7_cortexa9_0/libsrc/uartps_v3_1/src -s include  "SHELL=/bin/sh" "COMPILER=arm-none-eabi-gcc" "ARCHIVER=arm-none-eabi-ar" "COMPILER_FLAGS=  -O2 -c" "EXTRA_COMPILER_FLAGS=-mcpu=cortex-a9 -mfpu=vfpv3 -mfloat-abi=hard -nostartfiles"
Running Make include in ps7_cortexa9_0/libsrc/ratDecision_v1_0/src
make -C ps7_cortexa9_0/libsrc/ratDecision_v1_0/src -s include  "SHELL=/bin/sh" "COMPILER=arm-none-eabi-gcc" "ARCHIVER=arm-none-eabi-ar" "COMPILER_FLAGS=  -O2 -c" "EXTRA_COMPILER_FLAGS=-mcpu=cortex-a9 -mfpu=vfpv3 -mfloat-abi=hard -nostartfiles"
Running Make include in ps7_cortexa9_0/libsrc/scugic_v3_3/src
make -C ps7_cortexa9_0/libsrc/scugic_v3_3/src -s include  "SHELL=/bin/sh" "COMPILER=arm-none-eabi-gcc" "ARCHIVER=arm-none-eabi-ar" "COMPILER_FLAGS=  -O2 -c" "EXTRA_COMPILER_FLAGS=-mcpu=cortex-a9 -mfpu=vfpv3 -mfloat-abi=hard -nostartfiles"
Running Make include in ps7_cortexa9_0/libsrc/tmrctr_v4_1/src
make -C ps7_cortexa9_0/libsrc/tmrctr_v4_1/src -s include  "SHELL=/bin/sh" "COMPILER=arm-none-eabi-gcc" "ARCHIVER=arm-none-eabi-ar" "COMPILER_FLAGS=  -O2 -c" "EXTRA_COMPILER_FLAGS=-mcpu=cortex-a9 -mfpu=vfpv3 -mfloat-abi=hard -nostartfiles"
Running Make include in ps7_cortexa9_0/libsrc/xadcps_v2_2/src
make -C ps7_cortexa9_0/libsrc/xadcps_v2_2/src -s include  "SHELL=/bin/sh" "COMPILER=arm-none-eabi-gcc" "ARCHIVER=arm-none-eabi-ar" "COMPILER_FLAGS=  -O2 -c" "EXTRA_COMPILER_FLAGS=-mcpu=cortex-a9 -mfpu=vfpv3 -mfloat-abi=hard -nostartfiles"
Running Make include in ps7_cortexa9_0/libsrc/devcfg_v3_4/src
make -C ps7_cortexa9_0/libsrc/devcfg_v3_4/src -s include  "SHELL=/bin/sh" "COMPILER=arm-none-eabi-gcc" "ARCHIVER=arm-none-eabi-ar" "COMPILER_FLAGS=  -O2 -c" "EXTRA_COMPILER_FLAGS=-mcpu=cortex-a9 -mfpu=vfpv3 -mfloat-abi=hard -nostartfiles"
Running Make include in ps7_cortexa9_0/libsrc/dmaps_v2_1/src
make -C ps7_cortexa9_0/libsrc/dmaps_v2_1/src -s include  "SHELL=/bin/sh" "COMPILER=arm-none-eabi-gcc" "ARCHIVER=arm-none-eabi-ar" "COMPILER_FLAGS=  -O2 -c" "EXTRA_COMPILER_FLAGS=-mcpu=cortex-a9 -mfpu=vfpv3 -mfloat-abi=hard -nostartfiles"
Running Make include in ps7_cortexa9_0/libsrc/scuwdt_v2_1/src
make -C ps7_cortexa9_0/libsrc/scuwdt_v2_1/src -s include  "SHELL=/bin/sh" "COMPILER=arm-none-eabi-gcc" "ARCHIVER=arm-none-eabi-ar" "COMPILER_FLAGS=  -O2 -c" "EXTRA_COMPILER_FLAGS=-mcpu=cortex-a9 -mfpu=vfpv3 -mfloat-abi=hard -nostartfiles"
Running Make include in ps7_cortexa9_0/libsrc/Decision_v1_0/src
make -C ps7_cortexa9_0/libsrc/Decision_v1_0/src -s include  "SHELL=/bin/sh" "COMPILER=arm-none-eabi-gcc" "ARCHIVER=arm-none-eabi-ar" "COMPILER_FLAGS=  -O2 -c" "EXTRA_COMPILER_FLAGS=-mcpu=cortex-a9 -mfpu=vfpv3 -mfloat-abi=hard -nostartfiles"
Running Make include in ps7_cortexa9_0/libsrc/coresightps_dcc_v1_2/src
make -C ps7_cortexa9_0/libsrc/coresightps_dcc_v1_2/src -s include  "SHELL=/bin/sh" "COMPILER=arm-none-eabi-gcc" "ARCHIVER=arm-none-eabi-ar" "COMPILER_FLAGS=  -O2 -c" "EXTRA_COMPILER_FLAGS=-mcpu=cortex-a9 -mfpu=vfpv3 -mfloat-abi=hard -nostartfiles"
Running Make include in ps7_cortexa9_0/libsrc/standalone_v5_5/src
make -C ps7_cortexa9_0/libsrc/standalone_v5_5/src -s include  "SHELL=/bin/sh" "COMPILER=arm-none-eabi-gcc" "ARCHIVER=arm-none-eabi-ar" "COMPILER_FLAGS=  -O2 -c" "EXTRA_COMPILER_FLAGS=-mcpu=cortex-a9 -mfpu=vfpv3 -mfloat-abi=hard -nostartfiles"
Running Make include in ps7_cortexa9_0/libsrc/scutimer_v2_1/src
make -C ps7_cortexa9_0/libsrc/scutimer_v2_1/src -s include  "SHELL=/bin/sh" "COMPILER=arm-none-eabi-gcc" "ARCHIVER=arm-none-eabi-ar" "COMPILER_FLAGS=  -O2 -c" "EXTRA_COMPILER_FLAGS=-mcpu=cortex-a9 -mfpu=vfpv3 -mfloat-abi=hard -nostartfiles"
Running Make libs in ps7_cortexa9_0/libsrc/ddrps_v1_0/src
make -C ps7_cortexa9_0/libsrc/ddrps_v1_0/src -s libs  "SHELL=/bin/sh" "COMPILER=arm-none-eabi-gcc" "ARCHIVER=arm-none-eabi-ar" "COMPILER_FLAGS=  -O2 -c" "EXTRA_COMPILER_FLAGS=-mcpu=cortex-a9 -mfpu=vfpv3 -mfloat-abi=hard -nostartfiles"
Compiling ddrps
arm-none-eabi-ar: creating ../../../lib/libxil.a
Running Make libs in ps7_cortexa9_0/libsrc/gpio_v4_1/src
make -C ps7_cortexa9_0/libsrc/gpio_v4_1/src -s libs  "SHELL=/bin/sh" "COMPILER=arm-none-eabi-gcc" "ARCHIVER=arm-none-eabi-ar" "COMPILER_FLAGS=  -O2 -c" "EXTRA_COMPILER_FLAGS=-mcpu=cortex-a9 -mfpu=vfpv3 -mfloat-abi=hard -nostartfiles"
Compiling gpio
Running Make libs in ps7_cortexa9_0/libsrc/cpu_cortexa9_v2_2/src
make -C ps7_cortexa9_0/libsrc/cpu_cortexa9_v2_2/src -s libs  "SHELL=/bin/sh" "COMPILER=arm-none-eabi-gcc" "ARCHIVER=arm-none-eabi-ar" "COMPILER_FLAGS=  -O2 -c" "EXTRA_COMPILER_FLAGS=-mcpu=cortex-a9 -mfpu=vfpv3 -mfloat-abi=hard -nostartfiles"
Compiling cpu_cortexa9
Running Make libs in ps7_cortexa9_0/libsrc/uartps_v3_1/src
make -C ps7_cortexa9_0/libsrc/uartps_v3_1/src -s libs  "SHELL=/bin/sh" "COMPILER=arm-none-eabi-gcc" "ARCHIVER=arm-none-eabi-ar" "COMPILER_FLAGS=  -O2 -c" "EXTRA_COMPILER_FLAGS=-mcpu=cortex-a9 -mfpu=vfpv3 -mfloat-abi=hard -nostartfiles"
Compiling uartps
Running Make libs in ps7_cortexa9_0/libsrc/ratDecision_v1_0/src
make -C ps7_cortexa9_0/libsrc/ratDecision_v1_0/src -s libs  "SHELL=/bin/sh" "COMPILER=arm-none-eabi-gcc" "ARCHIVER=arm-none-eabi-ar" "COMPILER_FLAGS=  -O2 -c" "EXTRA_COMPILER_FLAGS=-mcpu=cortex-a9 -mfpu=vfpv3 -mfloat-abi=hard -nostartfiles"
Compiling ratDecision
Running Make libs in ps7_cortexa9_0/libsrc/scugic_v3_3/src
make -C ps7_cortexa9_0/libsrc/scugic_v3_3/src -s libs  "SHELL=/bin/sh" "COMPILER=arm-none-eabi-gcc" "ARCHIVER=arm-none-eabi-ar" "COMPILER_FLAGS=  -O2 -c" "EXTRA_COMPILER_FLAGS=-mcpu=cortex-a9 -mfpu=vfpv3 -mfloat-abi=hard -nostartfiles"
Compiling scugic
Running Make libs in ps7_cortexa9_0/libsrc/tmrctr_v4_1/src
make -C ps7_cortexa9_0/libsrc/tmrctr_v4_1/src -s libs  "SHELL=/bin/sh" "COMPILER=arm-none-eabi-gcc" "ARCHIVER=arm-none-eabi-ar" "COMPILER_FLAGS=  -O2 -c" "EXTRA_COMPILER_FLAGS=-mcpu=cortex-a9 -mfpu=vfpv3 -mfloat-abi=hard -nostartfiles"
Compiling tmrctr
Running Make libs in ps7_cortexa9_0/libsrc/xadcps_v2_2/src
make -C ps7_cortexa9_0/libsrc/xadcps_v2_2/src -s libs  "SHELL=/bin/sh" "COMPILER=arm-none-eabi-gcc" "ARCHIVER=arm-none-eabi-ar" "COMPILER_FLAGS=  -O2 -c" "EXTRA_COMPILER_FLAGS=-mcpu=cortex-a9 -mfpu=vfpv3 -mfloat-abi=hard -nostartfiles"
Compiling xadcps
Running Make libs in ps7_cortexa9_0/libsrc/devcfg_v3_4/src
make -C ps7_cortexa9_0/libsrc/devcfg_v3_4/src -s libs  "SHELL=/bin/sh" "COMPILER=arm-none-eabi-gcc" "ARCHIVER=arm-none-eabi-ar" "COMPILER_FLAGS=  -O2 -c" "EXTRA_COMPILER_FLAGS=-mcpu=cortex-a9 -mfpu=vfpv3 -mfloat-abi=hard -nostartfiles"
Compiling devcfg
Running Make libs in ps7_cortexa9_0/libsrc/dmaps_v2_1/src
make -C ps7_cortexa9_0/libsrc/dmaps_v2_1/src -s libs  "SHELL=/bin/sh" "COMPILER=arm-none-eabi-gcc" "ARCHIVER=arm-none-eabi-ar" "COMPILER_FLAGS=  -O2 -c" "EXTRA_COMPILER_FLAGS=-mcpu=cortex-a9 -mfpu=vfpv3 -mfloat-abi=hard -nostartfiles"
Compiling dmaps
Running Make libs in ps7_cortexa9_0/libsrc/scuwdt_v2_1/src
make -C ps7_cortexa9_0/libsrc/scuwdt_v2_1/src -s libs  "SHELL=/bin/sh" "COMPILER=arm-none-eabi-gcc" "ARCHIVER=arm-none-eabi-ar" "COMPILER_FLAGS=  -O2 -c" "EXTRA_COMPILER_FLAGS=-mcpu=cortex-a9 -mfpu=vfpv3 -mfloat-abi=hard -nostartfiles"
Compiling scuwdt
Running Make libs in ps7_cortexa9_0/libsrc/Decision_v1_0/src
make -C ps7_cortexa9_0/libsrc/Decision_v1_0/src -s libs  "SHELL=/bin/sh" "COMPILER=arm-none-eabi-gcc" "ARCHIVER=arm-none-eabi-ar" "COMPILER_FLAGS=  -O2 -c" "EXTRA_COMPILER_FLAGS=-mcpu=cortex-a9 -mfpu=vfpv3 -mfloat-abi=hard -nostartfiles"
Compiling Decision
Running Make libs in ps7_cortexa9_0/libsrc/coresightps_dcc_v1_2/src
make -C ps7_cortexa9_0/libsrc/coresightps_dcc_v1_2/src -s libs  "SHELL=/bin/sh" "COMPILER=arm-none-eabi-gcc" "ARCHIVER=arm-none-eabi-ar" "COMPILER_FLAGS=  -O2 -c" "EXTRA_COMPILER_FLAGS=-mcpu=cortex-a9 -mfpu=vfpv3 -mfloat-abi=hard -nostartfiles"
Compiling coresightps_dcc
Running Make libs in ps7_cortexa9_0/libsrc/standalone_v5_5/src
make -C ps7_cortexa9_0/libsrc/standalone_v5_5/src -s libs  "SHELL=/bin/sh" "COMPILER=arm-none-eabi-gcc" "ARCHIVER=arm-none-eabi-ar" "COMPILER_FLAGS=  -O2 -c" "EXTRA_COMPILER_FLAGS=-mcpu=cortex-a9 -mfpu=vfpv3 -mfloat-abi=hard -nostartfiles"
Compiling standalone
Running Make libs in ps7_cortexa9_0/libsrc/scutimer_v2_1/src
make -C ps7_cortexa9_0/libsrc/scutimer_v2_1/src -s libs  "SHELL=/bin/sh" "COMPILER=arm-none-eabi-gcc" "ARCHIVER=arm-none-eabi-ar" "COMPILER_FLAGS=  -O2 -c" "EXTRA_COMPILER_FLAGS=-mcpu=cortex-a9 -mfpu=vfpv3 -mfloat-abi=hard -nostartfiles"
Compiling scutimer
Finished building libraries
15:52:28 **** Build of configuration Debug for project jorge_demo ****
make pre-build main-build 
a9-linaro-pre-build-step
 
Building file: ../src/main.cc
Invoking: ARM v7 g++ compiler
arm-none-eabi-g++ -Wall -O0 -g3 -c -fmessage-length=0 -MT"src/main.o" -mcpu=cortex-a9 -mfpu=vfpv3 -mfloat-abi=hard -I../../jorge_demo_bsp/ps7_cortexa9_0/include -MMD -MP -MF"src/main.d" -MT"src/main.o" -o "src/main.o" "../src/main.cc"
Finished building: ../src/main.cc
 
Building target: jorge_demo.elf
Invoking: ARM v7 g++ linker
arm-none-eabi-g++ -mcpu=cortex-a9 -mfpu=vfpv3 -mfloat-abi=hard -Wl,-build-id=none -specs=Xilinx.spec -Wl,-T -Wl,../src/lscript.ld -L../../jorge_demo_bsp/ps7_cortexa9_0/lib -o "jorge_demo.elf"  ./src/main.o   -Wl,--start-group,-lxil,-lgcc,-lc,-lstdc++,--end-group
Finished building target: jorge_demo.elf
 
Invoking: ARM v7 Print Size
arm-none-eabi-size jorge_demo.elf  |tee "jorge_demo.elf.size"
   text	   data	    bss	    dec	    hex	filename
  19472	   1152	  22572	  43196	   a8bc	jorge_demo.elf
Finished building: jorge_demo.elf.size
 
15:52:29 **** Auto Build of configuration Debug for project jorge_demo ****
make pre-build main-build 
a9-linaro-pre-build-step
 
make: Nothing to be done for 'main-build'.
15:52:37 **** Auto Build of configuration Debug for project jorge_demo ****
make pre-build main-build 
a9-linaro-pre-build-step
 
Building file: ../src/main.cc
Invoking: ARM v7 g++ compiler
arm-none-eabi-g++ -Wall -O0 -g3 -c -fmessage-length=0 -MT"src/main.o" -mcpu=cortex-a9 -mfpu=vfpv3 -mfloat-abi=hard -I../../jorge_demo_bsp/ps7_cortexa9_0/include -MMD -MP -MF"src/main.d" -MT"src/main.o" -o "src/main.o" "../src/main.cc"
../src/main.cc:2:22: fatal error: platform.h: No such file or directory
 #include "platform.h"
src/subdir.mk:21: recipe for target 'src/main.o' failed
                      ^
compilation terminated.
make: *** [src/main.o] Error 1
15:53:03 **** Auto Build of configuration Debug for project jorge_demo ****
make pre-build main-build 
a9-linaro-pre-build-step
 
Building file: ../src/axi_max11100.c
Invoking: ARM v7 g++ compiler
arm-none-eabi-g++ -Wall -O0 -g3 -c -fmessage-length=0 -MT"src/axi_max11100.o" -mcpu=cortex-a9 -mfpu=vfpv3 -mfloat-abi=hard -I../../jorge_demo_bsp/ps7_cortexa9_0/include -MMD -MP -MF"src/axi_max11100.d" -MT"src/axi_max11100.o" -o "src/axi_max11100.o" "../src/axi_max11100.c"
../src/axi_max11100.c:63:13: warning: ‘void AXI_MAX11100_Write_Delay_Reg(u32, u32)’ defined but not used [-Wunused-function]
 static void AXI_MAX11100_Write_Delay_Reg(u32 BaseAddress, u32 Value)
             ^
../src/axi_max11100.c:81:13: warning: ‘void AXI_MAX11100_Interrupt_Enable(u32)’ defined but not used [-Wunused-function]
 static void AXI_MAX11100_Interrupt_Enable(u32 BaseAddress)
             ^
Finished building: ../src/axi_max11100.c
 
Building file: ../src/main.cc
Invoking: ARM v7 g++ compiler
arm-none-eabi-g++ -Wall -O0 -g3 -c -fmessage-length=0 -MT"src/main.o" -mcpu=cortex-a9 -mfpu=vfpv3 -mfloat-abi=hard -I../../jorge_demo_bsp/ps7_cortexa9_0/include -MMD -MP -MF"src/main.d" -MT"src/main.o" -o "src/main.o" "../src/main.cc"
../src/main.cc: In function ‘void chan_param(char)’:
../src/main.cc:77:39: warning: array subscript has type ‘char’ [-Wchar-subscripts]
  XDecision_Set_vthresh(sdc0, vthresh[i]);
                                       ^
../src/main.cc:78:39: warning: array subscript has type ‘char’ [-Wchar-subscripts]
  XDecision_Set_athresh(sdc0, athresh[i]);
                                       ^
../src/main.cc:79:36: warning: array subscript has type ‘char’ [-Wchar-subscripts]
  XDecision_Set_v_flip(sdc0, vflip[i]);
                                    ^
../src/main.cc:80:36: warning: array subscript has type ‘char’ [-Wchar-subscripts]
  XDecision_Set_a_flip(sdc0, aflip[i]);
                                    ^
../src/main.cc:81:37: warning: array subscript has type ‘char’ [-Wchar-subscripts]
  XDecision_Set_a_length(sdc0, alen[i]);
                                     ^
../src/main.cc:82:37: warning: array subscript has type ‘char’ [-Wchar-subscripts]
  XDecision_Set_v_length(sdc0, vlen[i]);
                                     ^
Finished building: ../src/main.cc
 
Building file: ../src/platform.c
Invoking: ARM v7 g++ compiler
arm-none-eabi-g++ -Wall -O0 -g3 -c -fmessage-length=0 -MT"src/platform.o" -mcpu=cortex-a9 -mfpu=vfpv3 -mfloat-abi=hard -I../../jorge_demo_bsp/ps7_cortexa9_0/include -MMD -MP -MF"src/platform.d" -MT"src/platform.o" -o "src/platform.o" "../src/platform.c"
Finished building: ../src/platform.c
 
Building target: jorge_demo.elf
Invoking: ARM v7 g++ linker
arm-none-eabi-g++ -mcpu=cortex-a9 -mfpu=vfpv3 -mfloat-abi=hard -Wl,-build-id=none -specs=Xilinx.spec -Wl,-T -Wl,../src/lscript.ld -L../../jorge_demo_bsp/ps7_cortexa9_0/lib -o "jorge_demo.elf"  ./src/axi_max11100.o ./src/main.o ./src/platform.o   -Wl,--start-group,-lxil,-lgcc,-lc,-lstdc++,--end-group
Finished building target: jorge_demo.elf
 
Invoking: ARM v7 Print Size
arm-none-eabi-size jorge_demo.elf  |tee "jorge_demo.elf.size"
   text	   data	    bss	    dec	    hex	filename
  70036	   3848	 293424	 367308	  59acc	jorge_demo.elf
Finished building: jorge_demo.elf.size
 
15:53:15 **** Clean-only build of configuration Debug for project jorge_demo ****
make clean 
rm -rf  ./src/main.d  ./src/axi_max11100.o ./src/main.o ./src/platform.o  ./src/axi_max11100.d ./src/platform.d  jorge_demo.elf.size  jorge_demo.elf
 
15:53:15 **** Auto Build of configuration Debug for project jorge_demo ****
make pre-build main-build 
a9-linaro-pre-build-step
 
Building file: ../src/axi_max11100.c
Invoking: ARM v7 g++ compiler
arm-none-eabi-g++ -Wall -O0 -g3 -c -fmessage-length=0 -MT"src/axi_max11100.o" -mcpu=cortex-a9 -mfpu=vfpv3 -mfloat-abi=hard -I../../jorge_demo_bsp/ps7_cortexa9_0/include -MMD -MP -MF"src/axi_max11100.d" -MT"src/axi_max11100.o" -o "src/axi_max11100.o" "../src/axi_max11100.c"
../src/axi_max11100.c:63:13: warning: ‘void AXI_MAX11100_Write_Delay_Reg(u32, u32)’ defined but not used [-Wunused-function]
 static void AXI_MAX11100_Write_Delay_Reg(u32 BaseAddress, u32 Value)
             ^
../src/axi_max11100.c:81:13: warning: ‘void AXI_MAX11100_Interrupt_Enable(u32)’ defined but not used [-Wunused-function]
 static void AXI_MAX11100_Interrupt_Enable(u32 BaseAddress)
             ^
Finished building: ../src/axi_max11100.c
 
Building file: ../src/main.cc
Invoking: ARM v7 g++ compiler
arm-none-eabi-g++ -Wall -O0 -g3 -c -fmessage-length=0 -MT"src/main.o" -mcpu=cortex-a9 -mfpu=vfpv3 -mfloat-abi=hard -I../../jorge_demo_bsp/ps7_cortexa9_0/include -MMD -MP -MF"src/main.d" -MT"src/main.o" -o "src/main.o" "../src/main.cc"
../src/main.cc: In function ‘void chan_param(char)’:
../src/main.cc:77:39: warning: array subscript has type ‘char’ [-Wchar-subscripts]
  XDecision_Set_vthresh(sdc0, vthresh[i]);
                                       ^
../src/main.cc:78:39: warning: array subscript has type ‘char’ [-Wchar-subscripts]
  XDecision_Set_athresh(sdc0, athresh[i]);
                                       ^
../src/main.cc:79:36: warning: array subscript has type ‘char’ [-Wchar-subscripts]
  XDecision_Set_v_flip(sdc0, vflip[i]);
                                    ^
../src/main.cc:80:36: warning: array subscript has type ‘char’ [-Wchar-subscripts]
  XDecision_Set_a_flip(sdc0, aflip[i]);
                                    ^
../src/main.cc:81:37: warning: array subscript has type ‘char’ [-Wchar-subscripts]
  XDecision_Set_a_length(sdc0, alen[i]);
                                     ^
../src/main.cc:82:37: warning: array subscript has type ‘char’ [-Wchar-subscripts]
  XDecision_Set_v_length(sdc0, vlen[i]);
                                     ^
Finished building: ../src/main.cc
 
Building file: ../src/platform.c
Invoking: ARM v7 g++ compiler
arm-none-eabi-g++ -Wall -O0 -g3 -c -fmessage-length=0 -MT"src/platform.o" -mcpu=cortex-a9 -mfpu=vfpv3 -mfloat-abi=hard -I../../jorge_demo_bsp/ps7_cortexa9_0/include -MMD -MP -MF"src/platform.d" -MT"src/platform.o" -o "src/platform.o" "../src/platform.c"
Finished building: ../src/platform.c
 
Building target: jorge_demo.elf
Invoking: ARM v7 g++ linker
arm-none-eabi-g++ -mcpu=cortex-a9 -mfpu=vfpv3 -mfloat-abi=hard -Wl,-build-id=none -specs=Xilinx.spec -Wl,-T -Wl,../src/lscript.ld -L../../jorge_demo_bsp/ps7_cortexa9_0/lib -o "jorge_demo.elf"  ./src/axi_max11100.o ./src/main.o ./src/platform.o   -Wl,--start-group,-lxil,-lgcc,-lc,-lstdc++,--end-group
Finished building target: jorge_demo.elf
 
Invoking: ARM v7 Print Size
arm-none-eabi-size jorge_demo.elf  |tee "jorge_demo.elf.size"
   text	   data	    bss	    dec	    hex	filename
  70036	   3848	 481840	 555724	  87acc	jorge_demo.elf
Finished building: jorge_demo.elf.size
 
17:16:51 **** Auto Build of configuration Debug for project jorge_demo ****
make pre-build main-build 
a9-linaro-pre-build-step
 
Building file: ../src/main.cc
Invoking: ARM v7 g++ compiler
arm-none-eabi-g++ -Wall -O0 -g3 -c -fmessage-length=0 -MT"src/main.o" -mcpu=cortex-a9 -mfpu=vfpv3 -mfloat-abi=hard -I../../jorge_demo_bsp/ps7_cortexa9_0/include -MMD -MP -MF"src/main.d" -MT"src/main.o" -o "src/main.o" "../src/main.cc"
../src/main.cc: In function ‘void chan_param(char)’:
../src/main.cc:77:39: warning: array subscript has type ‘char’ [-Wchar-subscripts]
  XDecision_Set_vthresh(sdc0, vthresh[i]);
                                       ^
../src/main.cc:78:39: warning: array subscript has type ‘char’ [-Wchar-subscripts]
  XDecision_Set_athresh(sdc0, athresh[i]);
                                       ^
../src/main.cc:79:36: warning: array subscript has type ‘char’ [-Wchar-subscripts]
  XDecision_Set_v_flip(sdc0, vflip[i]);
                                    ^
../src/main.cc:80:36: warning: array subscript has type ‘char’ [-Wchar-subscripts]
  XDecision_Set_a_flip(sdc0, aflip[i]);
                                    ^
../src/main.cc:81:37: warning: array subscript has type ‘char’ [-Wchar-subscripts]
  XDecision_Set_a_length(sdc0, alen[i]);
                                     ^
../src/main.cc:82:37: warning: array subscript has type ‘char’ [-Wchar-subscripts]
  XDecision_Set_v_length(sdc0, vlen[i]);
                                     ^
Finished building: ../src/main.cc
 
Building target: jorge_demo.elf
Invoking: ARM v7 g++ linker
arm-none-eabi-g++ -mcpu=cortex-a9 -mfpu=vfpv3 -mfloat-abi=hard -Wl,-build-id=none -specs=Xilinx.spec -Wl,-T -Wl,../src/lscript.ld -L../../jorge_demo_bsp/ps7_cortexa9_0/lib -o "jorge_demo.elf"  ./src/axi_max11100.o ./src/main.o ./src/platform.o   -Wl,--start-group,-lxil,-lgcc,-lc,-lstdc++,--end-group
Finished building target: jorge_demo.elf
 
Invoking: ARM v7 Print Size
arm-none-eabi-size jorge_demo.elf  |tee "jorge_demo.elf.size"
   text	   data	    bss	    dec	    hex	filename
  70036	   3848	 481840	 555724	  87acc	jorge_demo.elf
Finished building: jorge_demo.elf.size
 
17:17:59 **** Auto Build of configuration Debug for project jorge_demo ****
make pre-build main-build 
a9-linaro-pre-build-step
 
Building file: ../src/main.cc
Invoking: ARM v7 g++ compiler
arm-none-eabi-g++ -Wall -O0 -g3 -c -fmessage-length=0 -MT"src/main.o" -mcpu=cortex-a9 -mfpu=vfpv3 -mfloat-abi=hard -I../../jorge_demo_bsp/ps7_cortexa9_0/include -MMD -MP -MF"src/main.d" -MT"src/main.o" -o "src/main.o" "../src/main.cc"
../src/main.cc: In function ‘void chan_param(char)’:
../src/main.cc:77:39: warning: array subscript has type ‘char’ [-Wchar-subscripts]
  XDecision_Set_vthresh(sdc0, vthresh[i]);
                                       ^
../src/main.cc:78:39: warning: array subscript has type ‘char’ [-Wchar-subscripts]
  XDecision_Set_athresh(sdc0, athresh[i]);
                                       ^
../src/main.cc:79:36: warning: array subscript has type ‘char’ [-Wchar-subscripts]
  XDecision_Set_v_flip(sdc0, vflip[i]);
                                    ^
../src/main.cc:80:36: warning: array subscript has type ‘char’ [-Wchar-subscripts]
  XDecision_Set_a_flip(sdc0, aflip[i]);
                                    ^
../src/main.cc:81:37: warning: array subscript has type ‘char’ [-Wchar-subscripts]
  XDecision_Set_a_length(sdc0, alen[i]);
                                     ^
../src/main.cc:82:37: warning: array subscript has type ‘char’ [-Wchar-subscripts]
  XDecision_Set_v_length(sdc0, vlen[i]);
                                     ^
Finished building: ../src/main.cc
 
Building target: jorge_demo.elf
Invoking: ARM v7 g++ linker
arm-none-eabi-g++ -mcpu=cortex-a9 -mfpu=vfpv3 -mfloat-abi=hard -Wl,-build-id=none -specs=Xilinx.spec -Wl,-T -Wl,../src/lscript.ld -L../../jorge_demo_bsp/ps7_cortexa9_0/lib -o "jorge_demo.elf"  ./src/axi_max11100.o ./src/main.o ./src/platform.o   -Wl,--start-group,-lxil,-lgcc,-lc,-lstdc++,--end-group
Finished building target: jorge_demo.elf
 
Invoking: ARM v7 Print Size
arm-none-eabi-size jorge_demo.elf  |tee "jorge_demo.elf.size"
   text	   data	    bss	    dec	    hex	filename
  69848	   3848	 481840	 555536	  87a10	jorge_demo.elf
Finished building: jorge_demo.elf.size
 
22:21:37 **** Auto Build of configuration Debug for project jorge_demo ****
make pre-build main-build 
a9-linaro-pre-build-step
 
Building file: ../src/main.cc
Invoking: ARM v7 g++ compiler
arm-none-eabi-g++ -Wall -O0 -g3 -c -fmessage-length=0 -MT"src/main.o" -mcpu=cortex-a9 -mfpu=vfpv3 -mfloat-abi=hard -I../../jorge_demo_bsp/ps7_cortexa9_0/include -MMD -MP -MF"src/main.d" -MT"src/main.o" -o "src/main.o" "../src/main.cc"
../src/main.cc: In function ‘void chan_param(char)’:
../src/main.cc:77:39: warning: array subscript has type ‘char’ [-Wchar-subscripts]
  XDecision_Set_vthresh(sdc0, vthresh[i]);
                                       ^
../src/main.cc:78:39: warning: array subscript has type ‘char’ [-Wchar-subscripts]
  XDecision_Set_athresh(sdc0, athresh[i]);
                                       ^
../src/main.cc:79:36: warning: array subscript has type ‘char’ [-Wchar-subscripts]
  XDecision_Set_v_flip(sdc0, vflip[i]);
                                    ^
../src/main.cc:80:36: warning: array subscript has type ‘char’ [-Wchar-subscripts]
  XDecision_Set_a_flip(sdc0, aflip[i]);
                                    ^
../src/main.cc:81:37: warning: array subscript has type ‘char’ [-Wchar-subscripts]
  XDecision_Set_a_length(sdc0, alen[i]);
                                     ^
../src/main.cc:82:37: warning: array subscript has type ‘char’ [-Wchar-subscripts]
  XDecision_Set_v_length(sdc0, vlen[i]);
                                     ^
Finished building: ../src/main.cc
 
Building target: jorge_demo.elf
Invoking: ARM v7 g++ linker
arm-none-eabi-g++ -mcpu=cortex-a9 -mfpu=vfpv3 -mfloat-abi=hard -Wl,-build-id=none -specs=Xilinx.spec -Wl,-T -Wl,../src/lscript.ld -L../../jorge_demo_bsp/ps7_cortexa9_0/lib -o "jorge_demo.elf"  ./src/axi_max11100.o ./src/main.o ./src/platform.o   -Wl,--start-group,-lxil,-lgcc,-lc,-lstdc++,--end-group
Finished building target: jorge_demo.elf
 
Invoking: ARM v7 Print Size
arm-none-eabi-size jorge_demo.elf  |tee "jorge_demo.elf.size"
   text	   data	    bss	    dec	    hex	filename
  67372	   3848	 481840	 553060	  87064	jorge_demo.elf
Finished building: jorge_demo.elf.size
 
22:27:57 **** Auto Build of configuration Debug for project jorge_demo ****
make pre-build main-build 
a9-linaro-pre-build-step
 
Building file: ../src/main.cc
Invoking: ARM v7 g++ compiler
arm-none-eabi-g++ -Wall -O0 -g3 -c -fmessage-length=0 -MT"src/main.o" -mcpu=cortex-a9 -mfpu=vfpv3 -mfloat-abi=hard -I../../jorge_demo_bsp/ps7_cortexa9_0/include -MMD -MP -MF"src/main.d" -MT"src/main.o" -o "src/main.o" "../src/main.cc"
../src/main.cc: In function ‘void chan_param(char)’:
../src/main.cc:77:39: warning: array subscript has type ‘char’ [-Wchar-subscripts]
  XDecision_Set_vthresh(sdc0, vthresh[i]);
                                       ^
../src/main.cc:78:39: warning: array subscript has type ‘char’ [-Wchar-subscripts]
  XDecision_Set_athresh(sdc0, athresh[i]);
                                       ^
../src/main.cc:79:36: warning: array subscript has type ‘char’ [-Wchar-subscripts]
  XDecision_Set_v_flip(sdc0, vflip[i]);
                                    ^
../src/main.cc:80:36: warning: array subscript has type ‘char’ [-Wchar-subscripts]
  XDecision_Set_a_flip(sdc0, aflip[i]);
                                    ^
../src/main.cc:81:37: warning: array subscript has type ‘char’ [-Wchar-subscripts]
  XDecision_Set_a_length(sdc0, alen[i]);
                                     ^
../src/main.cc:82:37: warning: array subscript has type ‘char’ [-Wchar-subscripts]
  XDecision_Set_v_length(sdc0, vlen[i]);
                                     ^
Finished building: ../src/main.cc
 
Building target: jorge_demo.elf
Invoking: ARM v7 g++ linker
arm-none-eabi-g++ -mcpu=cortex-a9 -mfpu=vfpv3 -mfloat-abi=hard -Wl,-build-id=none -specs=Xilinx.spec -Wl,-T -Wl,../src/lscript.ld -L../../jorge_demo_bsp/ps7_cortexa9_0/lib -o "jorge_demo.elf"  ./src/axi_max11100.o ./src/main.o ./src/platform.o   -Wl,--start-group,-lxil,-lgcc,-lc,-lstdc++,--end-group
Finished building target: jorge_demo.elf
 
Invoking: ARM v7 Print Size
arm-none-eabi-size jorge_demo.elf  |tee "jorge_demo.elf.size"
   text	   data	    bss	    dec	    hex	filename
  67372	   3848	 481840	 553060	  87064	jorge_demo.elf
Finished building: jorge_demo.elf.size
 
22:28:02 **** Auto Build of configuration Debug for project jorge_demo ****
make pre-build main-build 
a9-linaro-pre-build-step
 
Building file: ../src/main.cc
Invoking: ARM v7 g++ compiler
arm-none-eabi-g++ -Wall -O0 -g3 -c -fmessage-length=0 -MT"src/main.o" -mcpu=cortex-a9 -mfpu=vfpv3 -mfloat-abi=hard -I../../jorge_demo_bsp/ps7_cortexa9_0/include -MMD -MP -MF"src/main.d" -MT"src/main.o" -o "src/main.o" "../src/main.cc"
../src/main.cc: In function ‘void chan_param(char)’:
../src/main.cc:77:39: warning: array subscript has type ‘char’ [-Wchar-subscripts]
  XDecision_Set_vthresh(sdc0, vthresh[i]);
                                       ^
../src/main.cc:78:39: warning: array subscript has type ‘char’ [-Wchar-subscripts]
  XDecision_Set_athresh(sdc0, athresh[i]);
                                       ^
../src/main.cc:79:36: warning: array subscript has type ‘char’ [-Wchar-subscripts]
  XDecision_Set_v_flip(sdc0, vflip[i]);
                                    ^
../src/main.cc:80:36: warning: array subscript has type ‘char’ [-Wchar-subscripts]
  XDecision_Set_a_flip(sdc0, aflip[i]);
                                    ^
../src/main.cc:81:37: warning: array subscript has type ‘char’ [-Wchar-subscripts]
  XDecision_Set_a_length(sdc0, alen[i]);
                                     ^
../src/main.cc:82:37: warning: array subscript has type ‘char’ [-Wchar-subscripts]
  XDecision_Set_v_length(sdc0, vlen[i]);
                                     ^
Finished building: ../src/main.cc
 
Building target: jorge_demo.elf
Invoking: ARM v7 g++ linker
arm-none-eabi-g++ -mcpu=cortex-a9 -mfpu=vfpv3 -mfloat-abi=hard -Wl,-build-id=none -specs=Xilinx.spec -Wl,-T -Wl,../src/lscript.ld -L../../jorge_demo_bsp/ps7_cortexa9_0/lib -o "jorge_demo.elf"  ./src/axi_max11100.o ./src/main.o ./src/platform.o   -Wl,--start-group,-lxil,-lgcc,-lc,-lstdc++,--end-group
Finished building target: jorge_demo.elf
 
Invoking: ARM v7 Print Size
arm-none-eabi-size jorge_demo.elf  |tee "jorge_demo.elf.size"
   text	   data	    bss	    dec	    hex	filename
  67372	   3848	 481840	 553060	  87064	jorge_demo.elf
Finished building: jorge_demo.elf.size
 
22:28:14 **** Auto Build of configuration Debug for project jorge_demo ****
make pre-build main-build 
a9-linaro-pre-build-step
 
Building file: ../src/main.cc
Invoking: ARM v7 g++ compiler
arm-none-eabi-g++ -Wall -O0 -g3 -c -fmessage-length=0 -MT"src/main.o" -mcpu=cortex-a9 -mfpu=vfpv3 -mfloat-abi=hard -I../../jorge_demo_bsp/ps7_cortexa9_0/include -MMD -MP -MF"src/main.d" -MT"src/main.o" -o "src/main.o" "../src/main.cc"
../src/main.cc: In function ‘void chan_param(char)’:
../src/main.cc:77:39: warning: array subscript has type ‘char’ [-Wchar-subscripts]
  XDecision_Set_vthresh(sdc0, vthresh[i]);
                                       ^
../src/main.cc:78:39: warning: array subscript has type ‘char’ [-Wchar-subscripts]
  XDecision_Set_athresh(sdc0, athresh[i]);
                                       ^
../src/main.cc:79:36: warning: array subscript has type ‘char’ [-Wchar-subscripts]
  XDecision_Set_v_flip(sdc0, vflip[i]);
                                    ^
../src/main.cc:80:36: warning: array subscript has type ‘char’ [-Wchar-subscripts]
  XDecision_Set_a_flip(sdc0, aflip[i]);
                                    ^
../src/main.cc:81:37: warning: array subscript has type ‘char’ [-Wchar-subscripts]
  XDecision_Set_a_length(sdc0, alen[i]);
                                     ^
../src/main.cc:82:37: warning: array subscript has type ‘char’ [-Wchar-subscripts]
  XDecision_Set_v_length(sdc0, vlen[i]);
                                     ^
Finished building: ../src/main.cc
 
Building target: jorge_demo.elf
Invoking: ARM v7 g++ linker
arm-none-eabi-g++ -mcpu=cortex-a9 -mfpu=vfpv3 -mfloat-abi=hard -Wl,-build-id=none -specs=Xilinx.spec -Wl,-T -Wl,../src/lscript.ld -L../../jorge_demo_bsp/ps7_cortexa9_0/lib -o "jorge_demo.elf"  ./src/axi_max11100.o ./src/main.o ./src/platform.o   -Wl,--start-group,-lxil,-lgcc,-lc,-lstdc++,--end-group
Finished building target: jorge_demo.elf
 
Invoking: ARM v7 Print Size
arm-none-eabi-size jorge_demo.elf  |tee "jorge_demo.elf.size"
   text	   data	    bss	    dec	    hex	filename
  67372	   3848	 481840	 553060	  87064	jorge_demo.elf
Finished building: jorge_demo.elf.size
 
22:30:15 **** Auto Build of configuration Debug for project jorge_demo ****
make pre-build main-build 
a9-linaro-pre-build-step
 
Building file: ../src/main.cc
Invoking: ARM v7 g++ compiler
arm-none-eabi-g++ -Wall -O0 -g3 -c -fmessage-length=0 -MT"src/main.o" -mcpu=cortex-a9 -mfpu=vfpv3 -mfloat-abi=hard -I../../jorge_demo_bsp/ps7_cortexa9_0/include -MMD -MP -MF"src/main.d" -MT"src/main.o" -o "src/main.o" "../src/main.cc"
../src/main.cc: In function ‘void chan_param(char)’:
../src/main.cc:77:39: warning: array subscript has type ‘char’ [-Wchar-subscripts]
  XDecision_Set_vthresh(sdc0, vthresh[i]);
                                       ^
../src/main.cc:78:39: warning: array subscript has type ‘char’ [-Wchar-subscripts]
  XDecision_Set_athresh(sdc0, athresh[i]);
                                       ^
../src/main.cc:79:36: warning: array subscript has type ‘char’ [-Wchar-subscripts]
  XDecision_Set_v_flip(sdc0, vflip[i]);
                                    ^
../src/main.cc:80:36: warning: array subscript has type ‘char’ [-Wchar-subscripts]
  XDecision_Set_a_flip(sdc0, aflip[i]);
                                    ^
../src/main.cc:81:37: warning: array subscript has type ‘char’ [-Wchar-subscripts]
  XDecision_Set_a_length(sdc0, alen[i]);
                                     ^
../src/main.cc:82:37: warning: array subscript has type ‘char’ [-Wchar-subscripts]
  XDecision_Set_v_length(sdc0, vlen[i]);
                                     ^
../src/main.cc: In function ‘int main()’:
../src/main.cc:234:1: error: a function-definition is not allowed here before ‘{’ token
 {
 ^
../src/main.cc:472:1: error: expected ‘}’ at end of input
 }
 ^
../src/main.cc: At global scope:
../src/main.cc:35:13: warning: ‘void BTN_Intr_Handler(void*)’ declared ‘static’ but never defined [-Wunused-function]
 static void BTN_Intr_Handler(void *baseaddr_p);
             ^
../src/main.cc:36:12: warning: ‘int InterruptSystemSetup(XScuGic*)’ declared ‘static’ but never defined [-Wunused-function]
 static int InterruptSystemSetup(XScuGic *XScuGicInstancePtr);
            ^
../src/main.cc:37:12: warning: ‘int IntcInitFunction(u16, XTmrCtr*, XGpio*)’ declared ‘static’ but never defined [-Wunused-function]
 static int IntcInitFunction(u16 DeviceId, XTmrCtr *TmrInstancePtr, XGpio *GpioInstancePtr);
            ^
../src/main.cc:38:13: warning: ‘void TMR_Intr_Handler(void*, u8)’ declared ‘static’ but never defined [-Wunused-function]
 static void TMR_Intr_Handler(void *baseaddr_p, u8 num);
src/subdir.mk:38: recipe for target 'src/main.o' failed
             ^
../src/main.cc:39:12: warning: ‘int Timer_btn_setup()’ declared ‘static’ but never defined [-Wunused-function]
 static int Timer_btn_setup(void);
            ^
../src/main.cc:40:12: warning: ‘int channel_init(XDecision*, XDecision*, XDecision*, XDecision*)’ declared ‘static’ but never defined [-Wunused-function]
 static int channel_init(XDecision * sdc0, XDecision * sdc1, XDecision * sdc2, XDecision * sdc3);
            ^
../src/main.cc:42:13: warning: ‘void run_params(char, char)’ declared ‘static’ but never defined [-Wunused-function]
 static void run_params(char start, char lim);
             ^
make: *** [src/main.o] Error 1
22:30:39 **** Auto Build of configuration Debug for project jorge_demo ****
make pre-build main-build 
a9-linaro-pre-build-step
 
Building file: ../src/main.cc
Invoking: ARM v7 g++ compiler
arm-none-eabi-g++ -Wall -O0 -g3 -c -fmessage-length=0 -MT"src/main.o" -mcpu=cortex-a9 -mfpu=vfpv3 -mfloat-abi=hard -I../../jorge_demo_bsp/ps7_cortexa9_0/include -MMD -MP -MF"src/main.d" -MT"src/main.o" -o "src/main.o" "../src/main.cc"
../src/main.cc: In function ‘void chan_param(char)’:
../src/main.cc:77:39: warning: array subscript has type ‘char’ [-Wchar-subscripts]
  XDecision_Set_vthresh(sdc0, vthresh[i]);
                                       ^
../src/main.cc:78:39: warning: array subscript has type ‘char’ [-Wchar-subscripts]
  XDecision_Set_athresh(sdc0, athresh[i]);
                                       ^
../src/main.cc:79:36: warning: array subscript has type ‘char’ [-Wchar-subscripts]
  XDecision_Set_v_flip(sdc0, vflip[i]);
                                    ^
../src/main.cc:80:36: warning: array subscript has type ‘char’ [-Wchar-subscripts]
  XDecision_Set_a_flip(sdc0, aflip[i]);
                                    ^
../src/main.cc:81:37: warning: array subscript has type ‘char’ [-Wchar-subscripts]
  XDecision_Set_a_length(sdc0, alen[i]);
                                     ^
../src/main.cc:82:37: warning: array subscript has type ‘char’ [-Wchar-subscripts]
  XDecision_Set_v_length(sdc0, vlen[i]);
                                     ^
Finished building: ../src/main.cc
 
Building target: jorge_demo.elf
Invoking: ARM v7 g++ linker
arm-none-eabi-g++ -mcpu=cortex-a9 -mfpu=vfpv3 -mfloat-abi=hard -Wl,-build-id=none -specs=Xilinx.spec -Wl,-T -Wl,../src/lscript.ld -L../../jorge_demo_bsp/ps7_cortexa9_0/lib -o "jorge_demo.elf"  ./src/axi_max11100.o ./src/main.o ./src/platform.o   -Wl,--start-group,-lxil,-lgcc,-lc,-lstdc++,--end-group
Finished building target: jorge_demo.elf
 
Invoking: ARM v7 Print Size
arm-none-eabi-size jorge_demo.elf  |tee "jorge_demo.elf.size"
   text	   data	    bss	    dec	    hex	filename
  67280	   3848	 481840	 552968	  87008	jorge_demo.elf
Finished building: jorge_demo.elf.size
 
22:31:45 **** Auto Build of configuration Debug for project jorge_demo ****
make pre-build main-build 
a9-linaro-pre-build-step
 
Building file: ../src/main.cc
Invoking: ARM v7 g++ compiler
arm-none-eabi-g++ -Wall -O0 -g3 -c -fmessage-length=0 -MT"src/main.o" -mcpu=cortex-a9 -mfpu=vfpv3 -mfloat-abi=hard -I../../jorge_demo_bsp/ps7_cortexa9_0/include -MMD -MP -MF"src/main.d" -MT"src/main.o" -o "src/main.o" "../src/main.cc"
../src/main.cc: In function ‘void chan_param(char)’:
../src/main.cc:77:39: warning: array subscript has type ‘char’ [-Wchar-subscripts]
  XDecision_Set_vthresh(sdc0, vthresh[i]);
                                       ^
../src/main.cc:78:39: warning: array subscript has type ‘char’ [-Wchar-subscripts]
  XDecision_Set_athresh(sdc0, athresh[i]);
                                       ^
../src/main.cc:79:36: warning: array subscript has type ‘char’ [-Wchar-subscripts]
  XDecision_Set_v_flip(sdc0, vflip[i]);
                                    ^
../src/main.cc:80:36: warning: array subscript has type ‘char’ [-Wchar-subscripts]
  XDecision_Set_a_flip(sdc0, aflip[i]);
                                    ^
../src/main.cc:81:37: warning: array subscript has type ‘char’ [-Wchar-subscripts]
  XDecision_Set_a_length(sdc0, alen[i]);
                                     ^
../src/main.cc:82:37: warning: array subscript has type ‘char’ [-Wchar-subscripts]
  XDecision_Set_v_length(sdc0, vlen[i]);
                                     ^
Finished building: ../src/main.cc
 
Building target: jorge_demo.elf
Invoking: ARM v7 g++ linker
arm-none-eabi-g++ -mcpu=cortex-a9 -mfpu=vfpv3 -mfloat-abi=hard -Wl,-build-id=none -specs=Xilinx.spec -Wl,-T -Wl,../src/lscript.ld -L../../jorge_demo_bsp/ps7_cortexa9_0/lib -o "jorge_demo.elf"  ./src/axi_max11100.o ./src/main.o ./src/platform.o   -Wl,--start-group,-lxil,-lgcc,-lc,-lstdc++,--end-group
Finished building target: jorge_demo.elf
 
Invoking: ARM v7 Print Size
arm-none-eabi-size jorge_demo.elf  |tee "jorge_demo.elf.size"
   text	   data	    bss	    dec	    hex	filename
  67276	   3848	 481840	 552964	  87004	jorge_demo.elf
Finished building: jorge_demo.elf.size
 
22:36:43 **** Auto Build of configuration Debug for project jorge_demo ****
make pre-build main-build 
a9-linaro-pre-build-step
 
Building file: ../src/main.cc
Invoking: ARM v7 g++ compiler
arm-none-eabi-g++ -Wall -O0 -g3 -c -fmessage-length=0 -MT"src/main.o" -mcpu=cortex-a9 -mfpu=vfpv3 -mfloat-abi=hard -I../../jorge_demo_bsp/ps7_cortexa9_0/include -MMD -MP -MF"src/main.d" -MT"src/main.o" -o "src/main.o" "../src/main.cc"
../src/main.cc: In function ‘void chan_param(char)’:
../src/main.cc:77:39: warning: array subscript has type ‘char’ [-Wchar-subscripts]
  XDecision_Set_vthresh(sdc0, vthresh[i]);
                                       ^
../src/main.cc:78:39: warning: array subscript has type ‘char’ [-Wchar-subscripts]
  XDecision_Set_athresh(sdc0, athresh[i]);
                                       ^
../src/main.cc:79:36: warning: array subscript has type ‘char’ [-Wchar-subscripts]
  XDecision_Set_v_flip(sdc0, vflip[i]);
                                    ^
../src/main.cc:80:36: warning: array subscript has type ‘char’ [-Wchar-subscripts]
  XDecision_Set_a_flip(sdc0, aflip[i]);
                                    ^
../src/main.cc:81:37: warning: array subscript has type ‘char’ [-Wchar-subscripts]
  XDecision_Set_a_length(sdc0, alen[i]);
                                     ^
../src/main.cc:82:37: warning: array subscript has type ‘char’ [-Wchar-subscripts]
  XDecision_Set_v_length(sdc0, vlen[i]);
                                     ^
Finished building: ../src/main.cc
 
Building target: jorge_demo.elf
Invoking: ARM v7 g++ linker
arm-none-eabi-g++ -mcpu=cortex-a9 -mfpu=vfpv3 -mfloat-abi=hard -Wl,-build-id=none -specs=Xilinx.spec -Wl,-T -Wl,../src/lscript.ld -L../../jorge_demo_bsp/ps7_cortexa9_0/lib -o "jorge_demo.elf"  ./src/axi_max11100.o ./src/main.o ./src/platform.o   -Wl,--start-group,-lxil,-lgcc,-lc,-lstdc++,--end-group
Finished building target: jorge_demo.elf
 
Invoking: ARM v7 Print Size
arm-none-eabi-size jorge_demo.elf  |tee "jorge_demo.elf.size"
   text	   data	    bss	    dec	    hex	filename
  67276	   3848	 481840	 552964	  87004	jorge_demo.elf
Finished building: jorge_demo.elf.size
 
22:40:52 **** Auto Build of configuration Debug for project heart_demo ****
make pre-build main-build 
a9-linaro-pre-build-step
 
Building file: ../src/main.cc
Invoking: ARM v7 g++ compiler
arm-none-eabi-g++ -Wall -O0 -g3 -c -fmessage-length=0 -MT"src/main.o" -mcpu=cortex-a9 -mfpu=vfpv3 -mfloat-abi=hard -I../../heart_demo_bsp/ps7_cortexa9_0/include -MMD -MP -MF"src/main.d" -MT"src/main.o" -o "src/main.o" "../src/main.cc"
../src/main.cc: In function ‘void chan_param(char)’:
../src/main.cc:77:39: warning: array subscript has type ‘char’ [-Wchar-subscripts]
  XDecision_Set_vthresh(sdc0, vthresh[i]);
                                       ^
../src/main.cc:78:39: warning: array subscript has type ‘char’ [-Wchar-subscripts]
  XDecision_Set_athresh(sdc0, athresh[i]);
                                       ^
../src/main.cc:79:36: warning: array subscript has type ‘char’ [-Wchar-subscripts]
  XDecision_Set_v_flip(sdc0, vflip[i]);
                                    ^
../src/main.cc:80:36: warning: array subscript has type ‘char’ [-Wchar-subscripts]
  XDecision_Set_a_flip(sdc0, aflip[i]);
                                    ^
../src/main.cc:81:37: warning: array subscript has type ‘char’ [-Wchar-subscripts]
  XDecision_Set_a_length(sdc0, alen[i]);
                                     ^
../src/main.cc:82:37: warning: array subscript has type ‘char’ [-Wchar-subscripts]
  XDecision_Set_v_length(sdc0, vlen[i]);
                                     ^
Finished building: ../src/main.cc
 
Building target: heart_demo.elf
Invoking: ARM v7 g++ linker
arm-none-eabi-g++ -mcpu=cortex-a9 -mfpu=vfpv3 -mfloat-abi=hard -Wl,-build-id=none -specs=Xilinx.spec -Wl,-T -Wl,../src/lscript.ld -L../../heart_demo_bsp/ps7_cortexa9_0/lib -o "heart_demo.elf"  ./src/axi_max11100.o ./src/main.o ./src/platform.o   -Wl,--start-group,-lxil,-lgcc,-lc,-lstdc++,--end-group
Finished building target: heart_demo.elf
 
Invoking: ARM v7 Print Size
arm-none-eabi-size heart_demo.elf  |tee "heart_demo.elf.size"
   text	   data	    bss	    dec	    hex	filename
  69884	   3848	 481840	 555572	  87a34	heart_demo.elf
Finished building: heart_demo.elf.size
 
22:41:09 **** Auto Build of configuration Debug for project heart_demo ****
make pre-build main-build 
a9-linaro-pre-build-step
 
Building file: ../src/main.cc
Invoking: ARM v7 g++ compiler
arm-none-eabi-g++ -Wall -O0 -g3 -c -fmessage-length=0 -MT"src/main.o" -mcpu=cortex-a9 -mfpu=vfpv3 -mfloat-abi=hard -I../../heart_demo_bsp/ps7_cortexa9_0/include -MMD -MP -MF"src/main.d" -MT"src/main.o" -o "src/main.o" "../src/main.cc"
../src/main.cc: In function ‘void chan_param(char)’:
../src/main.cc:77:39: warning: array subscript has type ‘char’ [-Wchar-subscripts]
  XDecision_Set_vthresh(sdc0, vthresh[i]);
                                       ^
../src/main.cc:78:39: warning: array subscript has type ‘char’ [-Wchar-subscripts]
  XDecision_Set_athresh(sdc0, athresh[i]);
                                       ^
../src/main.cc:79:36: warning: array subscript has type ‘char’ [-Wchar-subscripts]
  XDecision_Set_v_flip(sdc0, vflip[i]);
                                    ^
../src/main.cc:80:36: warning: array subscript has type ‘char’ [-Wchar-subscripts]
  XDecision_Set_a_flip(sdc0, aflip[i]);
                                    ^
../src/main.cc:81:37: warning: array subscript has type ‘char’ [-Wchar-subscripts]
  XDecision_Set_a_length(sdc0, alen[i]);
                                     ^
../src/main.cc:82:37: warning: array subscript has type ‘char’ [-Wchar-subscripts]
  XDecision_Set_v_length(sdc0, vlen[i]);
                                     ^
Finished building: ../src/main.cc
 
Building target: heart_demo.elf
Invoking: ARM v7 g++ linker
arm-none-eabi-g++ -mcpu=cortex-a9 -mfpu=vfpv3 -mfloat-abi=hard -Wl,-build-id=none -specs=Xilinx.spec -Wl,-T -Wl,../src/lscript.ld -L../../heart_demo_bsp/ps7_cortexa9_0/lib -o "heart_demo.elf"  ./src/axi_max11100.o ./src/main.o ./src/platform.o   -Wl,--start-group,-lxil,-lgcc,-lc,-lstdc++,--end-group
Finished building target: heart_demo.elf
 
Invoking: ARM v7 Print Size
arm-none-eabi-size heart_demo.elf  |tee "heart_demo.elf.size"
   text	   data	    bss	    dec	    hex	filename
  69820	   3848	 481840	 555508	  879f4	heart_demo.elf
Finished building: heart_demo.elf.size
 
22:41:32 **** Auto Build of configuration Debug for project heart_demo ****
make pre-build main-build 
a9-linaro-pre-build-step
 
Building file: ../src/main.cc
Invoking: ARM v7 g++ compiler
arm-none-eabi-g++ -Wall -O0 -g3 -c -fmessage-length=0 -MT"src/main.o" -mcpu=cortex-a9 -mfpu=vfpv3 -mfloat-abi=hard -I../../heart_demo_bsp/ps7_cortexa9_0/include -MMD -MP -MF"src/main.d" -MT"src/main.o" -o "src/main.o" "../src/main.cc"
../src/main.cc: In function ‘void chan_param(char)’:
../src/main.cc:77:39: warning: array subscript has type ‘char’ [-Wchar-subscripts]
  XDecision_Set_vthresh(sdc0, vthresh[i]);
                                       ^
../src/main.cc:78:39: warning: array subscript has type ‘char’ [-Wchar-subscripts]
  XDecision_Set_athresh(sdc0, athresh[i]);
                                       ^
../src/main.cc:79:36: warning: array subscript has type ‘char’ [-Wchar-subscripts]
  XDecision_Set_v_flip(sdc0, vflip[i]);
                                    ^
../src/main.cc:80:36: warning: array subscript has type ‘char’ [-Wchar-subscripts]
  XDecision_Set_a_flip(sdc0, aflip[i]);
                                    ^
../src/main.cc:81:37: warning: array subscript has type ‘char’ [-Wchar-subscripts]
  XDecision_Set_a_length(sdc0, alen[i]);
                                     ^
../src/main.cc:82:37: warning: array subscript has type ‘char’ [-Wchar-subscripts]
  XDecision_Set_v_length(sdc0, vlen[i]);
                                     ^
../src/main.cc: In function ‘int main()’:
../src/main.cc:158:2: error: ‘else’ without a previous ‘if’
  else if(btn_value == 1)
  ^
src/subdir.mk:38: recipe for target 'src/main.o' failed
make: *** [src/main.o] Error 1
22:41:44 **** Auto Build of configuration Debug for project heart_demo ****
make pre-build main-build 
a9-linaro-pre-build-step
 
Building file: ../src/main.cc
Invoking: ARM v7 g++ compiler
arm-none-eabi-g++ -Wall -O0 -g3 -c -fmessage-length=0 -MT"src/main.o" -mcpu=cortex-a9 -mfpu=vfpv3 -mfloat-abi=hard -I../../heart_demo_bsp/ps7_cortexa9_0/include -MMD -MP -MF"src/main.d" -MT"src/main.o" -o "src/main.o" "../src/main.cc"
../src/main.cc: In function ‘void chan_param(char)’:
../src/main.cc:77:39: warning: array subscript has type ‘char’ [-Wchar-subscripts]
  XDecision_Set_vthresh(sdc0, vthresh[i]);
                                       ^
../src/main.cc:78:39: warning: array subscript has type ‘char’ [-Wchar-subscripts]
  XDecision_Set_athresh(sdc0, athresh[i]);
                                       ^
../src/main.cc:79:36: warning: array subscript has type ‘char’ [-Wchar-subscripts]
  XDecision_Set_v_flip(sdc0, vflip[i]);
                                    ^
../src/main.cc:80:36: warning: array subscript has type ‘char’ [-Wchar-subscripts]
  XDecision_Set_a_flip(sdc0, aflip[i]);
                                    ^
../src/main.cc:81:37: warning: array subscript has type ‘char’ [-Wchar-subscripts]
  XDecision_Set_a_length(sdc0, alen[i]);
                                     ^
../src/main.cc:82:37: warning: array subscript has type ‘char’ [-Wchar-subscripts]
  XDecision_Set_v_length(sdc0, vlen[i]);
                                     ^
Finished building: ../src/main.cc
 
Building target: heart_demo.elf
Invoking: ARM v7 g++ linker
arm-none-eabi-g++ -mcpu=cortex-a9 -mfpu=vfpv3 -mfloat-abi=hard -Wl,-build-id=none -specs=Xilinx.spec -Wl,-T -Wl,../src/lscript.ld -L../../heart_demo_bsp/ps7_cortexa9_0/lib -o "heart_demo.elf"  ./src/axi_max11100.o ./src/main.o ./src/platform.o   -Wl,--start-group,-lxil,-lgcc,-lc,-lstdc++,--end-group
Finished building target: heart_demo.elf
 
Invoking: ARM v7 Print Size
arm-none-eabi-size heart_demo.elf  |tee "heart_demo.elf.size"
   text	   data	    bss	    dec	    hex	filename
  68044	   3848	 481840	 553732	  87304	heart_demo.elf
Finished building: heart_demo.elf.size
 
22:42:56 **** Auto Build of configuration Debug for project heart_demo ****
make pre-build main-build 
a9-linaro-pre-build-step
 
Building file: ../src/main.cc
Invoking: ARM v7 g++ compiler
arm-none-eabi-g++ -Wall -O0 -g3 -c -fmessage-length=0 -MT"src/main.o" -mcpu=cortex-a9 -mfpu=vfpv3 -mfloat-abi=hard -I../../heart_demo_bsp/ps7_cortexa9_0/include -MMD -MP -MF"src/main.d" -MT"src/main.o" -o "src/main.o" "../src/main.cc"
../src/main.cc: In function ‘void chan_param(char)’:
../src/main.cc:77:39: warning: array subscript has type ‘char’ [-Wchar-subscripts]
  XDecision_Set_vthresh(sdc0, vthresh[i]);
                                       ^
../src/main.cc:78:39: warning: array subscript has type ‘char’ [-Wchar-subscripts]
  XDecision_Set_athresh(sdc0, athresh[i]);
                                       ^
../src/main.cc:79:36: warning: array subscript has type ‘char’ [-Wchar-subscripts]
  XDecision_Set_v_flip(sdc0, vflip[i]);
                                    ^
../src/main.cc:80:36: warning: array subscript has type ‘char’ [-Wchar-subscripts]
  XDecision_Set_a_flip(sdc0, aflip[i]);
                                    ^
../src/main.cc:81:37: warning: array subscript has type ‘char’ [-Wchar-subscripts]
  XDecision_Set_a_length(sdc0, alen[i]);
                                     ^
../src/main.cc:82:37: warning: array subscript has type ‘char’ [-Wchar-subscripts]
  XDecision_Set_v_length(sdc0, vlen[i]);
                                     ^
Finished building: ../src/main.cc
 
Building target: heart_demo.elf
Invoking: ARM v7 g++ linker
arm-none-eabi-g++ -mcpu=cortex-a9 -mfpu=vfpv3 -mfloat-abi=hard -Wl,-build-id=none -specs=Xilinx.spec -Wl,-T -Wl,../src/lscript.ld -L../../heart_demo_bsp/ps7_cortexa9_0/lib -o "heart_demo.elf"  ./src/axi_max11100.o ./src/main.o ./src/platform.o   -Wl,--start-group,-lxil,-lgcc,-lc,-lstdc++,--end-group
Finished building target: heart_demo.elf
 
Invoking: ARM v7 Print Size
arm-none-eabi-size heart_demo.elf  |tee "heart_demo.elf.size"
   text	   data	    bss	    dec	    hex	filename
  68048	   3848	 481840	 553736	  87308	heart_demo.elf
Finished building: heart_demo.elf.size
 
22:44:16 **** Auto Build of configuration Debug for project heart_demo ****
make pre-build main-build 
a9-linaro-pre-build-step
 
Building file: ../src/main.cc
Invoking: ARM v7 g++ compiler
arm-none-eabi-g++ -Wall -O0 -g3 -c -fmessage-length=0 -MT"src/main.o" -mcpu=cortex-a9 -mfpu=vfpv3 -mfloat-abi=hard -I../../heart_demo_bsp/ps7_cortexa9_0/include -MMD -MP -MF"src/main.d" -MT"src/main.o" -o "src/main.o" "../src/main.cc"
../src/main.cc: In function ‘void chan_param(char)’:
../src/main.cc:77:39: warning: array subscript has type ‘char’ [-Wchar-subscripts]
  XDecision_Set_vthresh(sdc0, vthresh[i]);
                                       ^
../src/main.cc:78:39: warning: array subscript has type ‘char’ [-Wchar-subscripts]
  XDecision_Set_athresh(sdc0, athresh[i]);
                                       ^
../src/main.cc:79:36: warning: array subscript has type ‘char’ [-Wchar-subscripts]
  XDecision_Set_v_flip(sdc0, vflip[i]);
                                    ^
../src/main.cc:80:36: warning: array subscript has type ‘char’ [-Wchar-subscripts]
  XDecision_Set_a_flip(sdc0, aflip[i]);
                                    ^
../src/main.cc:81:37: warning: array subscript has type ‘char’ [-Wchar-subscripts]
  XDecision_Set_a_length(sdc0, alen[i]);
                                     ^
../src/main.cc:82:37: warning: array subscript has type ‘char’ [-Wchar-subscripts]
  XDecision_Set_v_length(sdc0, vlen[i]);
                                     ^
Finished building: ../src/main.cc
 
Building target: heart_demo.elf
Invoking: ARM v7 g++ linker
arm-none-eabi-g++ -mcpu=cortex-a9 -mfpu=vfpv3 -mfloat-abi=hard -Wl,-build-id=none -specs=Xilinx.spec -Wl,-T -Wl,../src/lscript.ld -L../../heart_demo_bsp/ps7_cortexa9_0/lib -o "heart_demo.elf"  ./src/axi_max11100.o ./src/main.o ./src/platform.o   -Wl,--start-group,-lxil,-lgcc,-lc,-lstdc++,--end-group
Finished building target: heart_demo.elf
 
Invoking: ARM v7 Print Size
arm-none-eabi-size heart_demo.elf  |tee "heart_demo.elf.size"
   text	   data	    bss	    dec	    hex	filename
  68048	   3848	 481840	 553736	  87308	heart_demo.elf
Finished building: heart_demo.elf.size
 
22:44:46 **** Auto Build of configuration Debug for project heart_demo ****
make pre-build main-build 
a9-linaro-pre-build-step
 
Building file: ../src/main.cc
Invoking: ARM v7 g++ compiler
arm-none-eabi-g++ -Wall -O0 -g3 -c -fmessage-length=0 -MT"src/main.o" -mcpu=cortex-a9 -mfpu=vfpv3 -mfloat-abi=hard -I../../heart_demo_bsp/ps7_cortexa9_0/include -MMD -MP -MF"src/main.d" -MT"src/main.o" -o "src/main.o" "../src/main.cc"
../src/main.cc: In function ‘void chan_param(char)’:
../src/main.cc:77:39: warning: array subscript has type ‘char’ [-Wchar-subscripts]
  XDecision_Set_vthresh(sdc0, vthresh[i]);
                                       ^
../src/main.cc:78:39: warning: array subscript has type ‘char’ [-Wchar-subscripts]
  XDecision_Set_athresh(sdc0, athresh[i]);
                                       ^
../src/main.cc:79:36: warning: array subscript has type ‘char’ [-Wchar-subscripts]
  XDecision_Set_v_flip(sdc0, vflip[i]);
                                    ^
../src/main.cc:80:36: warning: array subscript has type ‘char’ [-Wchar-subscripts]
  XDecision_Set_a_flip(sdc0, aflip[i]);
                                    ^
../src/main.cc:81:37: warning: array subscript has type ‘char’ [-Wchar-subscripts]
  XDecision_Set_a_length(sdc0, alen[i]);
                                     ^
../src/main.cc:82:37: warning: array subscript has type ‘char’ [-Wchar-subscripts]
  XDecision_Set_v_length(sdc0, vlen[i]);
                                     ^
Finished building: ../src/main.cc
 
Building target: heart_demo.elf
Invoking: ARM v7 g++ linker
arm-none-eabi-g++ -mcpu=cortex-a9 -mfpu=vfpv3 -mfloat-abi=hard -Wl,-build-id=none -specs=Xilinx.spec -Wl,-T -Wl,../src/lscript.ld -L../../heart_demo_bsp/ps7_cortexa9_0/lib -o "heart_demo.elf"  ./src/axi_max11100.o ./src/main.o ./src/platform.o   -Wl,--start-group,-lxil,-lgcc,-lc,-lstdc++,--end-group
Finished building target: heart_demo.elf
 
Invoking: ARM v7 Print Size
arm-none-eabi-size heart_demo.elf  |tee "heart_demo.elf.size"
   text	   data	    bss	    dec	    hex	filename
  68048	   3848	 481840	 553736	  87308	heart_demo.elf
Finished building: heart_demo.elf.size
 
22:45:05 **** Auto Build of configuration Debug for project heart_demo ****
make pre-build main-build 
a9-linaro-pre-build-step
 
Building file: ../src/main.cc
Invoking: ARM v7 g++ compiler
arm-none-eabi-g++ -Wall -O0 -g3 -c -fmessage-length=0 -MT"src/main.o" -mcpu=cortex-a9 -mfpu=vfpv3 -mfloat-abi=hard -I../../heart_demo_bsp/ps7_cortexa9_0/include -MMD -MP -MF"src/main.d" -MT"src/main.o" -o "src/main.o" "../src/main.cc"
../src/main.cc: In function ‘void chan_param(char)’:
../src/main.cc:77:39: warning: array subscript has type ‘char’ [-Wchar-subscripts]
  XDecision_Set_vthresh(sdc0, vthresh[i]);
                                       ^
../src/main.cc:78:39: warning: array subscript has type ‘char’ [-Wchar-subscripts]
  XDecision_Set_athresh(sdc0, athresh[i]);
                                       ^
../src/main.cc:79:36: warning: array subscript has type ‘char’ [-Wchar-subscripts]
  XDecision_Set_v_flip(sdc0, vflip[i]);
                                    ^
../src/main.cc:80:36: warning: array subscript has type ‘char’ [-Wchar-subscripts]
  XDecision_Set_a_flip(sdc0, aflip[i]);
                                    ^
../src/main.cc:81:37: warning: array subscript has type ‘char’ [-Wchar-subscripts]
  XDecision_Set_a_length(sdc0, alen[i]);
                                     ^
../src/main.cc:82:37: warning: array subscript has type ‘char’ [-Wchar-subscripts]
  XDecision_Set_v_length(sdc0, vlen[i]);
                                     ^
Finished building: ../src/main.cc
 
Building target: heart_demo.elf
Invoking: ARM v7 g++ linker
arm-none-eabi-g++ -mcpu=cortex-a9 -mfpu=vfpv3 -mfloat-abi=hard -Wl,-build-id=none -specs=Xilinx.spec -Wl,-T -Wl,../src/lscript.ld -L../../heart_demo_bsp/ps7_cortexa9_0/lib -o "heart_demo.elf"  ./src/axi_max11100.o ./src/main.o ./src/platform.o   -Wl,--start-group,-lxil,-lgcc,-lc,-lstdc++,--end-group
Finished building target: heart_demo.elf
 
Invoking: ARM v7 Print Size
arm-none-eabi-size heart_demo.elf  |tee "heart_demo.elf.size"
   text	   data	    bss	    dec	    hex	filename
  67984	   3848	 481840	 553672	  872c8	heart_demo.elf
Finished building: heart_demo.elf.size
 
22:45:10 **** Auto Build of configuration Debug for project heart_demo ****
make pre-build main-build 
a9-linaro-pre-build-step
 
Building file: ../src/main.cc
Invoking: ARM v7 g++ compiler
arm-none-eabi-g++ -Wall -O0 -g3 -c -fmessage-length=0 -MT"src/main.o" -mcpu=cortex-a9 -mfpu=vfpv3 -mfloat-abi=hard -I../../heart_demo_bsp/ps7_cortexa9_0/include -MMD -MP -MF"src/main.d" -MT"src/main.o" -o "src/main.o" "../src/main.cc"
../src/main.cc: In function ‘void chan_param(char)’:
../src/main.cc:77:39: warning: array subscript has type ‘char’ [-Wchar-subscripts]
  XDecision_Set_vthresh(sdc0, vthresh[i]);
                                       ^
../src/main.cc:78:39: warning: array subscript has type ‘char’ [-Wchar-subscripts]
  XDecision_Set_athresh(sdc0, athresh[i]);
                                       ^
../src/main.cc:79:36: warning: array subscript has type ‘char’ [-Wchar-subscripts]
  XDecision_Set_v_flip(sdc0, vflip[i]);
                                    ^
../src/main.cc:80:36: warning: array subscript has type ‘char’ [-Wchar-subscripts]
  XDecision_Set_a_flip(sdc0, aflip[i]);
                                    ^
../src/main.cc:81:37: warning: array subscript has type ‘char’ [-Wchar-subscripts]
  XDecision_Set_a_length(sdc0, alen[i]);
                                     ^
../src/main.cc:82:37: warning: array subscript has type ‘char’ [-Wchar-subscripts]
  XDecision_Set_v_length(sdc0, vlen[i]);
                                     ^
Finished building: ../src/main.cc
 
Building target: heart_demo.elf
Invoking: ARM v7 g++ linker
arm-none-eabi-g++ -mcpu=cortex-a9 -mfpu=vfpv3 -mfloat-abi=hard -Wl,-build-id=none -specs=Xilinx.spec -Wl,-T -Wl,../src/lscript.ld -L../../heart_demo_bsp/ps7_cortexa9_0/lib -o "heart_demo.elf"  ./src/axi_max11100.o ./src/main.o ./src/platform.o   -Wl,--start-group,-lxil,-lgcc,-lc,-lstdc++,--end-group
Finished building target: heart_demo.elf
 
Invoking: ARM v7 Print Size
arm-none-eabi-size heart_demo.elf  |tee "heart_demo.elf.size"
   text	   data	    bss	    dec	    hex	filename
  67984	   3848	 481840	 553672	  872c8	heart_demo.elf
Finished building: heart_demo.elf.size
 
22:45:18 **** Auto Build of configuration Debug for project heart_demo ****
make pre-build main-build 
a9-linaro-pre-build-step
 
Building file: ../src/main.cc
Invoking: ARM v7 g++ compiler
arm-none-eabi-g++ -Wall -O0 -g3 -c -fmessage-length=0 -MT"src/main.o" -mcpu=cortex-a9 -mfpu=vfpv3 -mfloat-abi=hard -I../../heart_demo_bsp/ps7_cortexa9_0/include -MMD -MP -MF"src/main.d" -MT"src/main.o" -o "src/main.o" "../src/main.cc"
../src/main.cc: In function ‘void chan_param(char)’:
../src/main.cc:77:39: warning: array subscript has type ‘char’ [-Wchar-subscripts]
  XDecision_Set_vthresh(sdc0, vthresh[i]);
                                       ^
../src/main.cc:78:39: warning: array subscript has type ‘char’ [-Wchar-subscripts]
  XDecision_Set_athresh(sdc0, athresh[i]);
                                       ^
../src/main.cc:79:36: warning: array subscript has type ‘char’ [-Wchar-subscripts]
  XDecision_Set_v_flip(sdc0, vflip[i]);
                                    ^
../src/main.cc:80:36: warning: array subscript has type ‘char’ [-Wchar-subscripts]
  XDecision_Set_a_flip(sdc0, aflip[i]);
                                    ^
../src/main.cc:81:37: warning: array subscript has type ‘char’ [-Wchar-subscripts]
  XDecision_Set_a_length(sdc0, alen[i]);
                                     ^
../src/main.cc:82:37: warning: array subscript has type ‘char’ [-Wchar-subscripts]
  XDecision_Set_v_length(sdc0, vlen[i]);
                                     ^
Finished building: ../src/main.cc
 
Building target: heart_demo.elf
Invoking: ARM v7 g++ linker
arm-none-eabi-g++ -mcpu=cortex-a9 -mfpu=vfpv3 -mfloat-abi=hard -Wl,-build-id=none -specs=Xilinx.spec -Wl,-T -Wl,../src/lscript.ld -L../../heart_demo_bsp/ps7_cortexa9_0/lib -o "heart_demo.elf"  ./src/axi_max11100.o ./src/main.o ./src/platform.o   -Wl,--start-group,-lxil,-lgcc,-lc,-lstdc++,--end-group
Finished building target: heart_demo.elf
 
Invoking: ARM v7 Print Size
arm-none-eabi-size heart_demo.elf  |tee "heart_demo.elf.size"
   text	   data	    bss	    dec	    hex	filename
  67984	   3848	 481840	 553672	  872c8	heart_demo.elf
Finished building: heart_demo.elf.size
 
22:46:37 **** Auto Build of configuration Debug for project heart_demo ****
make pre-build main-build 
a9-linaro-pre-build-step
 
Building file: ../src/main.cc
Invoking: ARM v7 g++ compiler
arm-none-eabi-g++ -Wall -O0 -g3 -c -fmessage-length=0 -MT"src/main.o" -mcpu=cortex-a9 -mfpu=vfpv3 -mfloat-abi=hard -I../../heart_demo_bsp/ps7_cortexa9_0/include -MMD -MP -MF"src/main.d" -MT"src/main.o" -o "src/main.o" "../src/main.cc"
../src/main.cc: In function ‘void chan_param(char)’:
../src/main.cc:77:39: warning: array subscript has type ‘char’ [-Wchar-subscripts]
  XDecision_Set_vthresh(sdc0, vthresh[i]);
                                       ^
../src/main.cc:78:39: warning: array subscript has type ‘char’ [-Wchar-subscripts]
  XDecision_Set_athresh(sdc0, athresh[i]);
                                       ^
../src/main.cc:79:36: warning: array subscript has type ‘char’ [-Wchar-subscripts]
  XDecision_Set_v_flip(sdc0, vflip[i]);
                                    ^
../src/main.cc:80:36: warning: array subscript has type ‘char’ [-Wchar-subscripts]
  XDecision_Set_a_flip(sdc0, aflip[i]);
                                    ^
../src/main.cc:81:37: warning: array subscript has type ‘char’ [-Wchar-subscripts]
  XDecision_Set_a_length(sdc0, alen[i]);
                                     ^
../src/main.cc:82:37: warning: array subscript has type ‘char’ [-Wchar-subscripts]
  XDecision_Set_v_length(sdc0, vlen[i]);
                                     ^
Finished building: ../src/main.cc
 
Building target: heart_demo.elf
Invoking: ARM v7 g++ linker
arm-none-eabi-g++ -mcpu=cortex-a9 -mfpu=vfpv3 -mfloat-abi=hard -Wl,-build-id=none -specs=Xilinx.spec -Wl,-T -Wl,../src/lscript.ld -L../../heart_demo_bsp/ps7_cortexa9_0/lib -o "heart_demo.elf"  ./src/axi_max11100.o ./src/main.o ./src/platform.o   -Wl,--start-group,-lxil,-lgcc,-lc,-lstdc++,--end-group
Finished building target: heart_demo.elf
 
Invoking: ARM v7 Print Size
arm-none-eabi-size heart_demo.elf  |tee "heart_demo.elf.size"
   text	   data	    bss	    dec	    hex	filename
  67984	   3848	 481840	 553672	  872c8	heart_demo.elf
Finished building: heart_demo.elf.size
 
23:00:46 **** Auto Build of configuration Debug for project heart_demo ****
make pre-build main-build 
a9-linaro-pre-build-step
 
Building file: ../src/main.cc
Invoking: ARM v7 g++ compiler
arm-none-eabi-g++ -Wall -O0 -g3 -c -fmessage-length=0 -MT"src/main.o" -mcpu=cortex-a9 -mfpu=vfpv3 -mfloat-abi=hard -I../../heart_demo_bsp/ps7_cortexa9_0/include -MMD -MP -MF"src/main.d" -MT"src/main.o" -o "src/main.o" "../src/main.cc"
../src/main.cc: In function ‘void chan_param(char)’:
../src/main.cc:77:39: warning: array subscript has type ‘char’ [-Wchar-subscripts]
  XDecision_Set_vthresh(sdc0, vthresh[i]);
                                       ^
../src/main.cc:78:39: warning: array subscript has type ‘char’ [-Wchar-subscripts]
  XDecision_Set_athresh(sdc0, athresh[i]);
                                       ^
../src/main.cc:79:36: warning: array subscript has type ‘char’ [-Wchar-subscripts]
  XDecision_Set_v_flip(sdc0, vflip[i]);
                                    ^
../src/main.cc:80:36: warning: array subscript has type ‘char’ [-Wchar-subscripts]
  XDecision_Set_a_flip(sdc0, aflip[i]);
                                    ^
../src/main.cc:81:37: warning: array subscript has type ‘char’ [-Wchar-subscripts]
  XDecision_Set_a_length(sdc0, alen[i]);
                                     ^
../src/main.cc:82:37: warning: array subscript has type ‘char’ [-Wchar-subscripts]
  XDecision_Set_v_length(sdc0, vlen[i]);
                                     ^
Finished building: ../src/main.cc
 
Building target: heart_demo.elf
Invoking: ARM v7 g++ linker
arm-none-eabi-g++ -mcpu=cortex-a9 -mfpu=vfpv3 -mfloat-abi=hard -Wl,-build-id=none -specs=Xilinx.spec -Wl,-T -Wl,../src/lscript.ld -L../../heart_demo_bsp/ps7_cortexa9_0/lib -o "heart_demo.elf"  ./src/axi_max11100.o ./src/main.o ./src/platform.o   -Wl,--start-group,-lxil,-lgcc,-lc,-lstdc++,--end-group
Finished building target: heart_demo.elf
 
Invoking: ARM v7 Print Size
arm-none-eabi-size heart_demo.elf  |tee "heart_demo.elf.size"
   text	   data	    bss	    dec	    hex	filename
  67984	   3848	 481840	 553672	  872c8	heart_demo.elf
Finished building: heart_demo.elf.size
 
23:31:11 **** Auto Build of configuration Debug for project heart_demo ****
make pre-build main-build 
a9-linaro-pre-build-step
 
Building file: ../src/main.cc
Invoking: ARM v7 g++ compiler
[...]
../src/main.cc: In function ‘void chan_param(char)’:
../src/main.cc:72:42: warning: array subscript has type ‘char’ [-Wchar-subscripts]
  XRatdecision_Set_vthresh(sdc0, vthresh[i]);
                                          ^
../src/main.cc:73:42: warning: array subscript has type ‘char’ [-Wchar-subscripts]
  XRatdecision_Set_athresh(sdc0, athresh[i]);
                                          ^
../src/main.cc:74:39: warning: array subscript has type ‘char’ [-Wchar-subscripts]
  XRatdecision_Set_v_flip(sdc0, vflip[i]);
                                       ^
../src/main.cc:75:39: warning: array subscript has type ‘char’ [-Wchar-subscripts]
  XRatdecision_Set_a_flip(sdc0, aflip[i]);
                                       ^
../src/main.cc:76:40: warning: array subscript has type ‘char’ [-Wchar-subscripts]
  XRatdecision_Set_a_length(sdc0, alen[i]);
                                        ^
../src/main.cc:77:40: warning: array subscript has type ‘char’ [-Wchar-subscripts]
  XRatdecision_Set_v_length(sdc0, vlen[i]);
                                        ^
Finished building: ../src/main.cc
 
Building target: rat_demo.elf
Invoking: ARM v7 g++ linker
arm-none-eabi-g++ -mcpu=cortex-a9 -mfpu=vfpv3 -mfloat-abi=hard -Wl,-build-id=none -specs=Xilinx.spec -Wl,-T -Wl,../src/lscript.ld -L../../rat_demo_bsp/ps7_cortexa9_0/lib -o "rat_demo.elf"  ./src/axi_max11100.o ./src/main.o ./src/platform.o   -Wl,--start-group,-lxil,-lgcc,-lc,-lstdc++,--end-group
Finished building target: rat_demo.elf
 
Invoking: ARM v7 Print Size
arm-none-eabi-size rat_demo.elf  |tee "rat_demo.elf.size"
   text	   data	    bss	    dec	    hex	filename
  69240	   3832	 593120	 666192	  a2a50	rat_demo.elf
Finished building: rat_demo.elf.size
 
19:55:44 **** Auto Build of configuration Debug for project rat_demo ****
make pre-build main-build 
a9-linaro-pre-build-step
 
Building file: ../src/main.cc
Invoking: ARM v7 g++ compiler
arm-none-eabi-g++ -Wall -O0 -g3 -c -fmessage-length=0 -MT"src/main.o" -mcpu=cortex-a9 -mfpu=vfpv3 -mfloat-abi=hard -I../../rat_demo_bsp/ps7_cortexa9_0/include -MMD -MP -MF"src/main.d" -MT"src/main.o" -o "src/main.o" "../src/main.cc"
../src/main.cc: In function ‘void chan_param(char)’:
../src/main.cc:72:42: warning: array subscript has type ‘char’ [-Wchar-subscripts]
  XRatdecision_Set_vthresh(sdc0, vthresh[i]);
                                          ^
../src/main.cc:73:42: warning: array subscript has type ‘char’ [-Wchar-subscripts]
  XRatdecision_Set_athresh(sdc0, athresh[i]);
                                          ^
../src/main.cc:74:39: warning: array subscript has type ‘char’ [-Wchar-subscripts]
  XRatdecision_Set_v_flip(sdc0, vflip[i]);
                                       ^
../src/main.cc:75:39: warning: array subscript has type ‘char’ [-Wchar-subscripts]
  XRatdecision_Set_a_flip(sdc0, aflip[i]);
                                       ^
../src/main.cc:76:40: warning: array subscript has type ‘char’ [-Wchar-subscripts]
  XRatdecision_Set_a_length(sdc0, alen[i]);
                                        ^
../src/main.cc:77:40: warning: array subscript has type ‘char’ [-Wchar-subscripts]
  XRatdecision_Set_v_length(sdc0, vlen[i]);
                                        ^
Finished building: ../src/main.cc
 
Building target: rat_demo.elf
Invoking: ARM v7 g++ linker
arm-none-eabi-g++ -mcpu=cortex-a9 -mfpu=vfpv3 -mfloat-abi=hard -Wl,-build-id=none -specs=Xilinx.spec -Wl,-T -Wl,../src/lscript.ld -L../../rat_demo_bsp/ps7_cortexa9_0/lib -o "rat_demo.elf"  ./src/axi_max11100.o ./src/main.o ./src/platform.o   -Wl,--start-group,-lxil,-lgcc,-lc,-lstdc++,--end-group
Finished building target: rat_demo.elf
 
Invoking: ARM v7 Print Size
arm-none-eabi-size rat_demo.elf  |tee "rat_demo.elf.size"
   text	   data	    bss	    dec	    hex	filename
  69240	   3832	 593120	 666192	  a2a50	rat_demo.elf
Finished building: rat_demo.elf.size
 
19:55:49 **** Auto Build of configuration Debug for project rat_demo ****
make pre-build main-build 
a9-linaro-pre-build-step
 
Building file: ../src/main.cc
Invoking: ARM v7 g++ compiler
arm-none-eabi-g++ -Wall -O0 -g3 -c -fmessage-length=0 -MT"src/main.o" -mcpu=cortex-a9 -mfpu=vfpv3 -mfloat-abi=hard -I../../rat_demo_bsp/ps7_cortexa9_0/include -MMD -MP -MF"src/main.d" -MT"src/main.o" -o "src/main.o" "../src/main.cc"
../src/main.cc: In function ‘void chan_param(char)’:
../src/main.cc:72:42: warning: array subscript has type ‘char’ [-Wchar-subscripts]
  XRatdecision_Set_vthresh(sdc0, vthresh[i]);
                                          ^
../src/main.cc:73:42: warning: array subscript has type ‘char’ [-Wchar-subscripts]
  XRatdecision_Set_athresh(sdc0, athresh[i]);
                                          ^
../src/main.cc:74:39: warning: array subscript has type ‘char’ [-Wchar-subscripts]
  XRatdecision_Set_v_flip(sdc0, vflip[i]);
                                       ^
../src/main.cc:75:39: warning: array subscript has type ‘char’ [-Wchar-subscripts]
  XRatdecision_Set_a_flip(sdc0, aflip[i]);
                                       ^
../src/main.cc:76:40: warning: array subscript has type ‘char’ [-Wchar-subscripts]
  XRatdecision_Set_a_length(sdc0, alen[i]);
                                        ^
../src/main.cc:77:40: warning: array subscript has type ‘char’ [-Wchar-subscripts]
  XRatdecision_Set_v_length(sdc0, vlen[i]);
                                        ^
Finished building: ../src/main.cc
 
Building target: rat_demo.elf
Invoking: ARM v7 g++ linker
arm-none-eabi-g++ -mcpu=cortex-a9 -mfpu=vfpv3 -mfloat-abi=hard -Wl,-build-id=none -specs=Xilinx.spec -Wl,-T -Wl,../src/lscript.ld -L../../rat_demo_bsp/ps7_cortexa9_0/lib -o "rat_demo.elf"  ./src/axi_max11100.o ./src/main.o ./src/platform.o   -Wl,--start-group,-lxil,-lgcc,-lc,-lstdc++,--end-group
Finished building target: rat_demo.elf
 
Invoking: ARM v7 Print Size
arm-none-eabi-size rat_demo.elf  |tee "rat_demo.elf.size"
   text	   data	    bss	    dec	    hex	filename
  69240	   3832	 593120	 666192	  a2a50	rat_demo.elf
Finished building: rat_demo.elf.size
 
19:55:57 **** Auto Build of configuration Debug for project rat_demo ****
make pre-build main-build 
a9-linaro-pre-build-step
 
Building file: ../src/main.cc
Invoking: ARM v7 g++ compiler
arm-none-eabi-g++ -Wall -O0 -g3 -c -fmessage-length=0 -MT"src/main.o" -mcpu=cortex-a9 -mfpu=vfpv3 -mfloat-abi=hard -I../../rat_demo_bsp/ps7_cortexa9_0/include -MMD -MP -MF"src/main.d" -MT"src/main.o" -o "src/main.o" "../src/main.cc"
../src/main.cc: In function ‘void chan_param(char)’:
../src/main.cc:72:42: warning: array subscript has type ‘char’ [-Wchar-subscripts]
  XRatdecision_Set_vthresh(sdc0, vthresh[i]);
                                          ^
../src/main.cc:73:42: warning: array subscript has type ‘char’ [-Wchar-subscripts]
  XRatdecision_Set_athresh(sdc0, athresh[i]);
                                          ^
../src/main.cc:74:39: warning: array subscript has type ‘char’ [-Wchar-subscripts]
  XRatdecision_Set_v_flip(sdc0, vflip[i]);
                                       ^
../src/main.cc:75:39: warning: array subscript has type ‘char’ [-Wchar-subscripts]
  XRatdecision_Set_a_flip(sdc0, aflip[i]);
                                       ^
../src/main.cc:76:40: warning: array subscript has type ‘char’ [-Wchar-subscripts]
  XRatdecision_Set_a_length(sdc0, alen[i]);
                                        ^
../src/main.cc:77:40: warning: array subscript has type ‘char’ [-Wchar-subscripts]
  XRatdecision_Set_v_length(sdc0, vlen[i]);
                                        ^
Finished building: ../src/main.cc
 
Building target: rat_demo.elf
Invoking: ARM v7 g++ linker
arm-none-eabi-g++ -mcpu=cortex-a9 -mfpu=vfpv3 -mfloat-abi=hard -Wl,-build-id=none -specs=Xilinx.spec -Wl,-T -Wl,../src/lscript.ld -L../../rat_demo_bsp/ps7_cortexa9_0/lib -o "rat_demo.elf"  ./src/axi_max11100.o ./src/main.o ./src/platform.o   -Wl,--start-group,-lxil,-lgcc,-lc,-lstdc++,--end-group
Finished building target: rat_demo.elf
 
Invoking: ARM v7 Print Size
arm-none-eabi-size rat_demo.elf  |tee "rat_demo.elf.size"
   text	   data	    bss	    dec	    hex	filename
  69240	   3832	 593120	 666192	  a2a50	rat_demo.elf
Finished building: rat_demo.elf.size
 
19:56:03 **** Auto Build of configuration Debug for project rat_demo ****
make pre-build main-build 
a9-linaro-pre-build-step
 
Building file: ../src/main.cc
Invoking: ARM v7 g++ compiler
arm-none-eabi-g++ -Wall -O0 -g3 -c -fmessage-length=0 -MT"src/main.o" -mcpu=cortex-a9 -mfpu=vfpv3 -mfloat-abi=hard -I../../rat_demo_bsp/ps7_cortexa9_0/include -MMD -MP -MF"src/main.d" -MT"src/main.o" -o "src/main.o" "../src/main.cc"
../src/main.cc: In function ‘void chan_param(char)’:
../src/main.cc:72:42: warning: array subscript has type ‘char’ [-Wchar-subscripts]
  XRatdecision_Set_vthresh(sdc0, vthresh[i]);
                                          ^
../src/main.cc:73:42: warning: array subscript has type ‘char’ [-Wchar-subscripts]
  XRatdecision_Set_athresh(sdc0, athresh[i]);
                                          ^
../src/main.cc:74:39: warning: array subscript has type ‘char’ [-Wchar-subscripts]
  XRatdecision_Set_v_flip(sdc0, vflip[i]);
                                       ^
../src/main.cc:75:39: warning: array subscript has type ‘char’ [-Wchar-subscripts]
  XRatdecision_Set_a_flip(sdc0, aflip[i]);
                                       ^
../src/main.cc:76:40: warning: array subscript has type ‘char’ [-Wchar-subscripts]
  XRatdecision_Set_a_length(sdc0, alen[i]);
                                        ^
../src/main.cc:77:40: warning: array subscript has type ‘char’ [-Wchar-subscripts]
  XRatdecision_Set_v_length(sdc0, vlen[i]);
                                        ^
Finished building: ../src/main.cc
 
Building target: rat_demo.elf
Invoking: ARM v7 g++ linker
arm-none-eabi-g++ -mcpu=cortex-a9 -mfpu=vfpv3 -mfloat-abi=hard -Wl,-build-id=none -specs=Xilinx.spec -Wl,-T -Wl,../src/lscript.ld -L../../rat_demo_bsp/ps7_cortexa9_0/lib -o "rat_demo.elf"  ./src/axi_max11100.o ./src/main.o ./src/platform.o   -Wl,--start-group,-lxil,-lgcc,-lc,-lstdc++,--end-group
Finished building target: rat_demo.elf
 
Invoking: ARM v7 Print Size
arm-none-eabi-size rat_demo.elf  |tee "rat_demo.elf.size"
   text	   data	    bss	    dec	    hex	filename
  69240	   3832	 593120	 666192	  a2a50	rat_demo.elf
Finished building: rat_demo.elf.size
 
19:56:19 **** Auto Build of configuration Debug for project rat_demo ****
make pre-build main-build 
a9-linaro-pre-build-step
 
Building file: ../src/main.cc
Invoking: ARM v7 g++ compiler
arm-none-eabi-g++ -Wall -O0 -g3 -c -fmessage-length=0 -MT"src/main.o" -mcpu=cortex-a9 -mfpu=vfpv3 -mfloat-abi=hard -I../../rat_demo_bsp/ps7_cortexa9_0/include -MMD -MP -MF"src/main.d" -MT"src/main.o" -o "src/main.o" "../src/main.cc"
../src/main.cc: In function ‘void chan_param(char)’:
../src/main.cc:72:42: warning: array subscript has type ‘char’ [-Wchar-subscripts]
  XRatdecision_Set_vthresh(sdc0, vthresh[i]);
                                          ^
../src/main.cc:73:42: warning: array subscript has type ‘char’ [-Wchar-subscripts]
  XRatdecision_Set_athresh(sdc0, athresh[i]);
                                          ^
../src/main.cc:74:39: warning: array subscript has type ‘char’ [-Wchar-subscripts]
  XRatdecision_Set_v_flip(sdc0, vflip[i]);
                                       ^
../src/main.cc:75:39: warning: array subscript has type ‘char’ [-Wchar-subscripts]
  XRatdecision_Set_a_flip(sdc0, aflip[i]);
                                       ^
../src/main.cc:76:40: warning: array subscript has type ‘char’ [-Wchar-subscripts]
  XRatdecision_Set_a_length(sdc0, alen[i]);
                                        ^
../src/main.cc:77:40: warning: array subscript has type ‘char’ [-Wchar-subscripts]
  XRatdecision_Set_v_length(sdc0, vlen[i]);
                                        ^
Finished building: ../src/main.cc
 
Building target: rat_demo.elf
Invoking: ARM v7 g++ linker
arm-none-eabi-g++ -mcpu=cortex-a9 -mfpu=vfpv3 -mfloat-abi=hard -Wl,-build-id=none -specs=Xilinx.spec -Wl,-T -Wl,../src/lscript.ld -L../../rat_demo_bsp/ps7_cortexa9_0/lib -o "rat_demo.elf"  ./src/axi_max11100.o ./src/main.o ./src/platform.o   -Wl,--start-group,-lxil,-lgcc,-lc,-lstdc++,--end-group
Finished building target: rat_demo.elf
 
Invoking: ARM v7 Print Size
arm-none-eabi-size rat_demo.elf  |tee "rat_demo.elf.size"
   text	   data	    bss	    dec	    hex	filename
  68972	   3832	 593120	 665924	  a2944	rat_demo.elf
Finished building: rat_demo.elf.size
 
19:56:57 **** Incremental Build of configuration Debug for project full_system ****
make pre-build main-build 
a9-linaro-pre-build-step
 
Building file: ../src/axi_max11100.c
Invoking: ARM v7 g++ compiler
arm-none-eabi-g++ -Wall -O0 -g3 -c -fmessage-length=0 -MT"src/axi_max11100.o" -mcpu=cortex-a9 -mfpu=vfpv3 -mfloat-abi=hard -I../../full_system_test_bsp/ps7_cortexa9_0/include -MMD -MP -MF"src/axi_max11100.d" -MT"src/axi_max11100.o" -o "src/axi_max11100.o" "../src/axi_max11100.c"
In file included from ../src/axi_max11100.c:3:0:
../src/axi_max11100.h:4:20: fatal error: xil_io.h: No such file or directory
src/subdir.mk:31: recipe for target 'src/axi_max11100.o' failed
 #include "xil_io.h"
                    ^
compilation terminated.
make: *** [src/axi_max11100.o] Error 1
19:56:58 **** Incremental Build of configuration Debug for project heart_demo ****
make pre-build main-build 
a9-linaro-pre-build-step
 
make: Nothing to be done for 'main-build'.
19:56:58 **** Incremental Build of configuration Debug for project jorge_demo ****
make pre-build main-build 
a9-linaro-pre-build-step
 
make: Nothing to be done for 'main-build'.
19:56:58 **** Incremental Build of configuration Debug for project rat_demo ****
make pre-build main-build 
a9-linaro-pre-build-step
 
make: Nothing to be done for 'main-build'.
19:56:58 **** Incremental Build of configuration Debug for project test_bench ****
make pre-build main-build 
a9-linaro-pre-build-step
 
make: Nothing to be done for 'main-build'.
19:57:25 **** Auto Build of configuration Debug for project rat_demo ****
make pre-build main-build 
a9-linaro-pre-build-step
 
Building file: ../src/main.cc
Invoking: ARM v7 g++ compiler
arm-none-eabi-g++ -Wall -O0 -g3 -c -fmessage-length=0 -MT"src/main.o" -mcpu=cortex-a9 -mfpu=vfpv3 -mfloat-abi=hard -I../../rat_demo_bsp/ps7_cortexa9_0/include -MMD -MP -MF"src/main.d" -MT"src/main.o" -o "src/main.o" "../src/main.cc"
../src/main.cc: In function ‘void chan_param(char)’:
../src/main.cc:72:42: warning: array subscript has type ‘char’ [-Wchar-subscripts]
  XRatdecision_Set_vthresh(sdc0, vthresh[i]);
                                          ^
../src/main.cc:73:42: warning: array subscript has type ‘char’ [-Wchar-subscripts]
  XRatdecision_Set_athresh(sdc0, athresh[i]);
                                          ^
../src/main.cc:74:39: warning: array subscript has type ‘char’ [-Wchar-subscripts]
  XRatdecision_Set_v_flip(sdc0, vflip[i]);
                                       ^
../src/main.cc:75:39: warning: array subscript has type ‘char’ [-Wchar-subscripts]
  XRatdecision_Set_a_flip(sdc0, aflip[i]);
                                       ^
../src/main.cc:76:40: warning: array subscript has type ‘char’ [-Wchar-subscripts]
  XRatdecision_Set_a_length(sdc0, alen[i]);
                                        ^
../src/main.cc:77:40: warning: array subscript has type ‘char’ [-Wchar-subscripts]
  XRatdecision_Set_v_length(sdc0, vlen[i]);
                                        ^
Finished building: ../src/main.cc
 
Building target: rat_demo.elf
Invoking: ARM v7 g++ linker
arm-none-eabi-g++ -mcpu=cortex-a9 -mfpu=vfpv3 -mfloat-abi=hard -Wl,-build-id=none -specs=Xilinx.spec -Wl,-T -Wl,../src/lscript.ld -L../../rat_demo_bsp/ps7_cortexa9_0/lib -o "rat_demo.elf"  ./src/axi_max11100.o ./src/main.o ./src/platform.o   -Wl,--start-group,-lxil,-lgcc,-lc,-lstdc++,--end-group
Finished building target: rat_demo.elf
 
Invoking: ARM v7 Print Size
arm-none-eabi-size rat_demo.elf  |tee "rat_demo.elf.size"
   text	   data	    bss	    dec	    hex	filename
  68972	   3832	 593120	 665924	  a2944	rat_demo.elf
Finished building: rat_demo.elf.size
 
19:57:43 **** Incremental Build of configuration Debug for project full_system ****
make pre-build main-build 
a9-linaro-pre-build-step
 
Building file: ../src/axi_max11100.c
Invoking: ARM v7 g++ compiler
arm-none-eabi-g++ -Wall -O0 -g3 -c -fmessage-length=0 -MT"src/axi_max11100.o" -mcpu=cortex-a9 -mfpu=vfpv3 -mfloat-abi=hard -I../../full_system_test_bsp/ps7_cortexa9_0/include -MMD -MP -MF"src/axi_max11100.d" -MT"src/axi_max11100.o" -o "src/axi_max11100.o" "../src/axi_max11100.c"
In file included from ../src/axi_max11100.c:3:0:
../src/axi_max11100.h:4:20: fatal error: xil_io.h: No such file or directory
 #include "xil_io.h"
                    ^
compilation terminated.
make: *** [src/axi_max11100.o] Error 1
src/subdir.mk:31: recipe for target 'src/axi_max11100.o' failed
19:57:43 **** Incremental Build of configuration Debug for project heart_demo ****
make pre-build main-build 
a9-linaro-pre-build-step
 
make: Nothing to be done for 'main-build'.
19:57:44 **** Incremental Build of configuration Debug for project jorge_demo ****
make pre-build main-build 
a9-linaro-pre-build-step
 
make: Nothing to be done for 'main-build'.
19:57:44 **** Incremental Build of configuration Debug for project rat_demo ****
make pre-build main-build 
a9-linaro-pre-build-step
 
make: Nothing to be done for 'main-build'.
19:57:44 **** Incremental Build of configuration Debug for project test_bench ****
make pre-build main-build 
a9-linaro-pre-build-step
 
make: Nothing to be done for 'main-build'.
19:57:59 **** Auto Build of configuration Debug for project rat_demo ****
make pre-build main-build 
a9-linaro-pre-build-step
 
Building file: ../src/main.cc
Invoking: ARM v7 g++ compiler
arm-none-eabi-g++ -Wall -O0 -g3 -c -fmessage-length=0 -MT"src/main.o" -mcpu=cortex-a9 -mfpu=vfpv3 -mfloat-abi=hard -I../../rat_demo_bsp/ps7_cortexa9_0/include -MMD -MP -MF"src/main.d" -MT"src/main.o" -o "src/main.o" "../src/main.cc"
../src/main.cc: In function ‘void chan_param(char)’:
../src/main.cc:72:42: warning: array subscript has type ‘char’ [-Wchar-subscripts]
  XRatdecision_Set_vthresh(sdc0, vthresh[i]);
                                          ^
../src/main.cc:73:42: warning: array subscript has type ‘char’ [-Wchar-subscripts]
  XRatdecision_Set_athresh(sdc0, athresh[i]);
                                          ^
../src/main.cc:74:39: warning: array subscript has type ‘char’ [-Wchar-subscripts]
  XRatdecision_Set_v_flip(sdc0, vflip[i]);
                                       ^
../src/main.cc:75:39: warning: array subscript has type ‘char’ [-Wchar-subscripts]
  XRatdecision_Set_a_flip(sdc0, aflip[i]);
                                       ^
../src/main.cc:76:40: warning: array subscript has type ‘char’ [-Wchar-subscripts]
  XRatdecision_Set_a_length(sdc0, alen[i]);
                                        ^
../src/main.cc:77:40: warning: array subscript has type ‘char’ [-Wchar-subscripts]
  XRatdecision_Set_v_length(sdc0, vlen[i]);
                                        ^
Finished building: ../src/main.cc
 
Building target: rat_demo.elf
Invoking: ARM v7 g++ linker
arm-none-eabi-g++ -mcpu=cortex-a9 -mfpu=vfpv3 -mfloat-abi=hard -Wl,-build-id=none -specs=Xilinx.spec -Wl,-T -Wl,../src/lscript.ld -L../../rat_demo_bsp/ps7_cortexa9_0/lib -o "rat_demo.elf"  ./src/axi_max11100.o ./src/main.o ./src/platform.o   -Wl,--start-group,-lxil,-lgcc,-lc,-lstdc++,--end-group
Finished building target: rat_demo.elf
 
Invoking: ARM v7 Print Size
arm-none-eabi-size rat_demo.elf  |tee "rat_demo.elf.size"
   text	   data	    bss	    dec	    hex	filename
  69036	   3832	 593120	 665988	  a2984	rat_demo.elf
Finished building: rat_demo.elf.size
 
