19:57:59 **** Auto Build of configuration Debug for project rat_demo ****
make pre-build main-build 
a9-linaro-pre-build-step
 
Building file: ../src/main.cc
Invoking: ARM v7 g++ compiler
arm-none-eabi-g++ -Wall -O0 -g3 -c -fmessage-length=0 -MT"src/main.o" -mcpu=cortex-a9 -mfpu=vfpv3 -mfloat-abi=hard -I../../rat_demo_bsp/ps7_cortexa9_0/include -MMD -MP -MF"src/main.d" -MT"src/main.o" -o "src/main.o" "../src/main.cc"
../src/main.cc: In function ‘void chan_param(char)’:
../src/main.cc:72:42: warning: array subscript has type ‘char’ [-Wchar-subscripts]
  XRatdecision_Set_vthresh(sdc0, vthresh[i]);
                                          ^
../src/main.cc:73:42: warning: array subscript has type ‘char’ [-Wchar-subscripts]
  XRatdecision_Set_athresh(sdc0, athresh[i]);
                                          ^
../src/main.cc:74:39: warning: array subscript has type ‘char’ [-Wchar-subscripts]
  XRatdecision_Set_v_flip(sdc0, vflip[i]);
                                       ^
../src/main.cc:75:39: warning: array subscript has type ‘char’ [-Wchar-subscripts]
  XRatdecision_Set_a_flip(sdc0, aflip[i]);
                                       ^
../src/main.cc:76:40: warning: array subscript has type ‘char’ [-Wchar-subscripts]
  XRatdecision_Set_a_length(sdc0, alen[i]);
                                        ^
../src/main.cc:77:40: warning: array subscript has type ‘char’ [-Wchar-subscripts]
  XRatdecision_Set_v_length(sdc0, vlen[i]);
                                        ^
Finished building: ../src/main.cc
 
Building target: rat_demo.elf
Invoking: ARM v7 g++ linker
arm-none-eabi-g++ -mcpu=cortex-a9 -mfpu=vfpv3 -mfloat-abi=hard -Wl,-build-id=none -specs=Xilinx.spec -Wl,-T -Wl,../src/lscript.ld -L../../rat_demo_bsp/ps7_cortexa9_0/lib -o "rat_demo.elf"  ./src/axi_max11100.o ./src/main.o ./src/platform.o   -Wl,--start-group,-lxil,-lgcc,-lc,-lstdc++,--end-group
Finished building target: rat_demo.elf
 
Invoking: ARM v7 Print Size
arm-none-eabi-size rat_demo.elf  |tee "rat_demo.elf.size"
   text	   data	    bss	    dec	    hex	filename
  69036	   3832	 593120	 665988	  a2984	rat_demo.elf
Finished building: rat_demo.elf.size
 

19:57:59 Build Finished (took 232ms)

